Archive member included because of file (symbol)

/opt/devkitPro/libnds/lib/libnds9.a(console.o)
                              main.o (consoleDemoInit)
/opt/devkitPro/libnds/lib/libnds9.a(initSystem.o)
                              /opt/devkitPro/devkitARM/lib/gcc/arm-eabi/4.3.3/../../../../arm-eabi/lib/thumb/ds_arm9_crt0.o (initSystem)
/opt/devkitPro/libnds/lib/libnds9.a(system.o)
                              /opt/devkitPro/libnds/lib/libnds9.a(initSystem.o) (powerValueHandler)
/opt/devkitPro/libnds/lib/libnds9.a(video.o)
                              /opt/devkitPro/libnds/lib/libnds9.a(console.o) (vramSetBankC)
/opt/devkitPro/libnds/lib/libnds9.a(videoGL.o)
                              main.o (glGlobalData)
/opt/devkitPro/libnds/lib/libnds9.a(fifosystem.o)
                              /opt/devkitPro/libnds/lib/libnds9.a(initSystem.o) (fifoSetValue32Handler)
/opt/devkitPro/libnds/lib/libnds9.a(interrupts.o)
                              /opt/devkitPro/libnds/lib/libnds9.a(fifosystem.o) (irqSet)
/opt/devkitPro/libnds/lib/libnds9.a(biosCalls.o)
                              /opt/devkitPro/libnds/lib/libnds9.a(system.o) (swiDelay)
/opt/devkitPro/libnds/lib/libnds9.a(debugprint.o)
                              /opt/devkitPro/libnds/lib/libnds9.a(console.o) (nocashMessage)
/opt/devkitPro/libnds/lib/libnds9.a(interruptDispatcher.o)
                              /opt/devkitPro/libnds/lib/libnds9.a(interrupts.o) (IntrMain)
/opt/devkitPro/libnds/lib/libnds9.a(default_font.bin.o)
                              /opt/devkitPro/libnds/lib/libnds9.a(console.o) (default_font_bin)
/opt/devkitPro/libnds/lib/libnds9.a(background.o)
                              /opt/devkitPro/libnds/lib/libnds9.a(console.o) (bgState)
/opt/devkitPro/libnds/lib/libnds9.a(trig.o)
                              /opt/devkitPro/libnds/lib/libnds9.a(videoGL.o) (sinLerp)
/opt/devkitPro/devkitARM/lib/gcc/arm-eabi/4.3.3/thumb/libgcc.a(_muldi3.o)
                              /opt/devkitPro/libnds/lib/libnds9.a(videoGL.o) (__aeabi_lmul)
/opt/devkitPro/devkitARM/lib/gcc/arm-eabi/4.3.3/../../../../arm-eabi/lib/thumb/libg.a(lib_a-bsearch.o)
                              /opt/devkitPro/libnds/lib/libnds9.a(trig.o) (bsearch)
/opt/devkitPro/devkitARM/lib/gcc/arm-eabi/4.3.3/../../../../arm-eabi/lib/thumb/libg.a(lib_a-impure.o)
                              /opt/devkitPro/libnds/lib/libnds9.a(console.o) (_impure_ptr)
/opt/devkitPro/devkitARM/lib/gcc/arm-eabi/4.3.3/../../../../arm-eabi/lib/thumb/libg.a(lib_a-init.o)
                              /opt/devkitPro/devkitARM/lib/gcc/arm-eabi/4.3.3/../../../../arm-eabi/lib/thumb/ds_arm9_crt0.o (__libc_init_array)
/opt/devkitPro/devkitARM/lib/gcc/arm-eabi/4.3.3/../../../../arm-eabi/lib/thumb/libg.a(lib_a-iprintf.o)
                              /opt/devkitPro/libnds/lib/libnds9.a(console.o) (iprintf)
/opt/devkitPro/devkitARM/lib/gcc/arm-eabi/4.3.3/../../../../arm-eabi/lib/thumb/libg.a(lib_a-malloc.o)
                              /opt/devkitPro/libnds/lib/libnds9.a(videoGL.o) (malloc)
/opt/devkitPro/devkitARM/lib/gcc/arm-eabi/4.3.3/../../../../arm-eabi/lib/thumb/libg.a(lib_a-mallocr.o)
                              /opt/devkitPro/devkitARM/lib/gcc/arm-eabi/4.3.3/../../../../arm-eabi/lib/thumb/libg.a(lib_a-malloc.o) (_malloc_r)
/opt/devkitPro/devkitARM/lib/gcc/arm-eabi/4.3.3/../../../../arm-eabi/lib/thumb/libg.a(lib_a-memcpy.o)
                              /opt/devkitPro/libnds/lib/libnds9.a(console.o) (memcpy)
/opt/devkitPro/devkitARM/lib/gcc/arm-eabi/4.3.3/../../../../arm-eabi/lib/thumb/libg.a(lib_a-memset.o)
                              /opt/devkitPro/libnds/lib/libnds9.a(background.o) (memset)
/opt/devkitPro/devkitARM/lib/gcc/arm-eabi/4.3.3/../../../../arm-eabi/lib/thumb/libg.a(lib_a-mlock.o)
                              /opt/devkitPro/devkitARM/lib/gcc/arm-eabi/4.3.3/../../../../arm-eabi/lib/thumb/libg.a(lib_a-mallocr.o) (__malloc_lock)
/opt/devkitPro/devkitARM/lib/gcc/arm-eabi/4.3.3/../../../../arm-eabi/lib/thumb/libg.a(lib_a-puts.o)
                              main.o (puts)
/opt/devkitPro/devkitARM/lib/gcc/arm-eabi/4.3.3/../../../../arm-eabi/lib/thumb/libg.a(lib_a-realloc.o)
                              /opt/devkitPro/libnds/lib/libnds9.a(videoGL.o) (realloc)
/opt/devkitPro/devkitARM/lib/gcc/arm-eabi/4.3.3/../../../../arm-eabi/lib/thumb/libg.a(lib_a-reallocr.o)
                              /opt/devkitPro/devkitARM/lib/gcc/arm-eabi/4.3.3/../../../../arm-eabi/lib/thumb/libg.a(lib_a-realloc.o) (_realloc_r)
/opt/devkitPro/devkitARM/lib/gcc/arm-eabi/4.3.3/../../../../arm-eabi/lib/thumb/libg.a(lib_a-setvbuf.o)
                              /opt/devkitPro/libnds/lib/libnds9.a(console.o) (setvbuf)
/opt/devkitPro/devkitARM/lib/gcc/arm-eabi/4.3.3/../../../../arm-eabi/lib/thumb/libg.a(lib_a-siscanf.o)
                              /opt/devkitPro/libnds/lib/libnds9.a(console.o) (siscanf)
/opt/devkitPro/devkitARM/lib/gcc/arm-eabi/4.3.3/../../../../arm-eabi/lib/thumb/libg.a(lib_a-strlen.o)
[...]
Memory Configuration

Name             Origin             Length             Attributes
rom              0x08000000         0x02000000
ewram            0x02000000         0x003ff000
dtcm             0x0b000000         0x00004000
vectors          0x01000000         0x00000100
itcm             0x01000100         0x00007f00
*default*        0x00000000         0xffffffff

Linker script and memory map

                0x01000000                __vectors_start = 0x1000000
                0x01000100                __itcm_start = 0x1000100
                0x023ff000                __ewram_end = 0x23ff000
                0x023ff000                __eheap_end = 0x23ff000
                0x0b000000                __dtcm_start = 0xb000000
                0x0b004000                __dtcm_top = 0xb004000
                0x0b003ff8                __irq_flags = (__dtcm_top - 0x8)
                0x0b003ffc                __irq_vector = (__dtcm_top - 0x4)
                0x0b003f00                __sp_svc = (__dtcm_top - 0x100)
                0x0b003e00                __sp_irq = (__sp_svc - 0x100)
                0x0b003d00                __sp_usr = (__sp_irq - 0x100)

.init           0x02000000      0x30c
                0x02000000                __text_start = .
 *(.init)
 .init          0x02000000      0x300 /opt/devkitPro/devkitARM/lib/gcc/arm-eabi/4.3.3/../../../../arm-eabi/lib/thumb/ds_arm9_crt0.o
                0x02000000                _start
 .init          0x02000300        0x4 /opt/devkitPro/devkitARM/lib/gcc/arm-eabi/4.3.3/thumb/crti.o
                0x02000300                _init
 .init          0x02000304        0x8 /opt/devkitPro/devkitARM/lib/gcc/arm-eabi/4.3.3/thumb/crtn.o
                0x0200030c                . = ALIGN (0x4)

.plt
 *(.plt)

.text           0x02000310     0x8614
 *(EXCLUDE_FILE(*.itcm*) .text)
 .text          0x02000310        0x0 /opt/devkitPro/devkitARM/lib/gcc/arm-eabi/4.3.3/../../../../arm-eabi/lib/thumb/ds_arm9_crt0.o
 .text          0x02000310        0x0 /opt/devkitPro/devkitARM/lib/gcc/arm-eabi/4.3.3/thumb/crti.o
 .text          0x02000310       0x70 /opt/devkitPro/devkitARM/lib/gcc/arm-eabi/4.3.3/thumb/crtbegin.o
 .text          0x02000380        0x0 soundbank.bin.o
 .text          0x02000380       0x1c main.o
                0x02000380                main
 .text          0x0200039c      0xa28 /opt/devkitPro/libnds/lib/libnds9.a(console.o)
                0x02000acc                con_write
                0x0200039c                consoleGetDefault
                0x02000920                consoleInit
                0x02000874                consoleSetFont
                0x02000d94                nocash_write
                0x02000450                consolePrintChar
                0x020008c0                consoleClear
                0x02000898                consoleSetWindow
                0x020003a4                consoleSelect
                0x02000a90                consoleDemoInit
                0x020005fc                consoleLoadFont
                0x020008d4                consoleDebugInit
 .text          0x02000dc4       0xec /opt/devkitPro/libnds/lib/libnds9.a(initSystem.o)
                0x02000dc4                initSystem
 .text          0x02000eb0       0xf4 /opt/devkitPro/libnds/lib/libnds9.a(system.o)
                0x02000f60                systemMsgHandler
                0x02000ef8                powerOn
                0x02000f48                powerValueHandler
                0x02000eb0                ledBlink
                0x02000f2c                systemSleep
                0x02000ec8                powerOff
 .text          0x02000fa4      0x144 /opt/devkitPro/libnds/lib/libnds9.a(video.o)
                0x02001058                vramSetBankF
                0x02000fe8                vramRestoreMainBanks
                0x02001080                vramSetBankH
                0x02001030                vramSetBankD
                0x02001044                vramSetBankE
                0x020010a8                setBrightness
                0x0200106c                vramSetBankG
                0x02001008                vramSetBankB
                0x0200101c                vramSetBankC
                0x02001094                vramSetBankI
                0x02000fa4                vramSetMainBanks
                0x02000ff4                vramSetBankA
 .text          0x020010e8      0xa94 /opt/devkitPro/libnds/lib/libnds9.a(videoGL.o)
                0x02001230                glTexCoord2f32
                0x0200156c                glTexImage2D
                0x020011a4                glGenTextures
                0x02001174                glResetTextures
                0x02001888                glRotatef32i
                0x02001514                glTexLoadPal
                0x020012bc                glTexParameter
                0x020010e8                glGetGlobals
                0x0200133c                getNextPaletteSlot
                0x02001390                vramGetBank
                0x0200132c                alignVal
                0x02001314                glGetTexParameter
                0x02001548                gluTexLoadPal
                0x020010f0                glMaterialf
                0x020011e4                glBindTexture
                0x020012ec                glGetTexturePointer
                0x02001450                vramIsTextureBank
                0x02001214                glColorTable
                0x020014b0                getNextTextureSlot
                0x020016e4                glInit_C
 .text          0x02001b7c     0x18b8 /opt/devkitPro/libnds/lib/libnds9.a(fifosystem.o)
                0x02002b18                fifoInternalRecvPopFirst
                0x02001c04                fifoCheckValue32
                0x02001d14                fifoCheckDatamsgLength
                0x0200250c                fifoGetLostWordCount
                0x0200247c                fifoGetBufferUsage
                0x020031dc                fifoSendValue32
                0x020030ec                fifoInternalSend
                0x020021e4                fifoGetDatamsg
                0x02001ffc                fifoGetValue32
                0x02001e14                fifoGetAddress
                0x02001da4                fifoCountDatamsg
                0x0200214c                fifoForceValue32Handler
                0x02001c8c                fifoCheckDatamsg
                0x02002ab8                fifoInternalRecvPeek
                0x0200300c                fifoInternalAllocFreeBlock
                0x02001fd4                fifoSetAddressHandler
                0x02002a78                fifoInternalProtect
                0x020023c0                fifoForceDatamsgHandler
                0x02002f20                fifoInternalSendEnqueue
                0x02003184                fifoSendDatamsg
                0x02002d58                fifoInternalSendEmpty
                0x02002ea4                fifoInternalSendInterrupt
                0x02003224                fifoSendAddress
                0x02002d68                fifoInternalSendDeque
                0x02002518                fifoInternalRecvInterrupt
                0x02001b7c                fifoCheckAddress
                0x02003060                fifoInternalFreeCheck
                0x02002bec                fifoInternalRecvWordCount
                0x02002c6c                fifoInternalRecvPushBack
                0x02002a94                fifoInternalUnprotect
                0x02001f64                fifoForceAddressHandler
                0x020021bc                fifoSetValue32Handler
                0x02002e3c                fifoInternalBeginSend
                0x02003260                fifoInit
                0x02002454                fifoSetDatamsgHandler
                0x0200303c                fifoInternalFreeBlock
 .text          0x02003434      0x1a8 /opt/devkitPro/libnds/lib/libnds9.a(interrupts.o)
                0x02003514                irqEnable
                0x02003438                irqSet
                0x02003560                irqDisable
                0x02003498                irqInit
                0x02003434                irqDummy
                0x020034e4                irqInitHandler
                0x020035ac                irqClear
 *fill*         0x020035dc        0x4 ff
 .text          0x020035e0       0x70 /opt/devkitPro/libnds/lib/libnds9.a(biosCalls.o)
                0x020035f0                swiSleep
                0x0200362a                swiDecompressLZSSVram
                0x02003612                swiFastCopy
                0x02003616                swiSqrt
                0x020035e0                swiSoftReset
                0x0200361a                swiCRC16
                0x0200362e                swiDecompressHuffman
                0x02003646                swiSetHaltCR
                0x020035fc                swiRemainder
                0x02003622                swiUnpackBits
                0x02003626                swiDecompressLZSSWram
                0x02003642                swiDecodeDelta16
                0x020035e4                swiDelay
                0x02003602                swiDivMod
                0x02003636                swiDecompressRLEVram
                0x02003632                swiDecompressRLEWram
                0x0200363e                swiDecodeDelta8
                0x020035f8                swiDivide
                0x020035f4                swiChangeSoundBias
                0x020035ec                swiWaitForVBlank
                0x020035e8                swiIntrWait
                0x0200361e                swiIsDebugger
                0x0200363a                swiWaitForIRQ
                0x0200360e                swiCopy
 .text          0x02003650       0x98 /opt/devkitPro/libnds/lib/libnds9.a(debugprint.o)
                0x02003650                nocashMessage
 .text          0x020036e8        0x0 /opt/devkitPro/libnds/lib/libnds9.a(interruptDispatcher.o)
 .text          0x020036e8        0x0 /opt/devkitPro/libnds/lib/libnds9.a(default_font.bin.o)
 .text          0x020036e8      0x320 /opt/devkitPro/libnds/lib/libnds9.a(background.o)
                0x02003744                bgUpdate
                0x02003938                bgInit_call
                0x020036f4                checkIfText
                0x0200383c                bgInitSub_call
                0x020036e8                bgIsText
 .text          0x02003a08      0x264 /opt/devkitPro/libnds/lib/libnds9.a(trig.o)
                0x02003ba0                arcSinComp
                0x02003bd0                asinLerp
                0x02003b60                tanLerp
                0x02003a08                sinLutLookup
                0x02003b14                tanLutLookup
                0x02003af8                cosLerp
                0x02003c50                acosLerp
                0x02003a58                sinLerp
 .text          0x02003c6c       0x70 /opt/devkitPro/devkitARM/lib/gcc/arm-eabi/4.3.3/thumb/libgcc.a(_muldi3.o)
                0x02003c6c                __aeabi_lmul
                0x02003c6c                __muldi3
 .text          0x02003cdc       0x5c /opt/devkitPro/devkitARM/lib/gcc/arm-eabi/4.3.3/../../../../arm-eabi/lib/thumb/libg.a(lib_a-bsearch.o)
                0x02003cdc                bsearch
 .text          0x02003d38        0x0 /opt/devkitPro/devkitARM/lib/gcc/arm-eabi/4.3.3/../../../../arm-eabi/lib/thumb/libg.a(lib_a-impure.o)
 .text          0x02003d38       0x88 /opt/devkitPro/devkitARM/lib/gcc/arm-eabi/4.3.3/../../../../arm-eabi/lib/thumb/libg.a(lib_a-init.o)
                0x02003d68                __libc_init_array
                0x02003d38                __libc_fini_array
 .text          0x02003dc0       0x3c /opt/devkitPro/devkitARM/lib/gcc/arm-eabi/4.3.3/../../../../arm-eabi/lib/thumb/libg.a(lib_a-iprintf.o)
                0x02003dc0                _iprintf_r
                0x02003dd8                iprintf
 .text          0x02003dfc       0x30 /opt/devkitPro/devkitARM/lib/gcc/arm-eabi/4.3.3/../../../../arm-eabi/lib/thumb/libg.a(lib_a-malloc.o)
                0x02003e14                malloc
                0x02003dfc                free
 .text          0x02003e2c      0x510 /opt/devkitPro/devkitARM/lib/gcc/arm-eabi/4.3.3/../../../../arm-eabi/lib/thumb/libg.a(lib_a-mallocr.o)
                0x02003e2c                _malloc_r
 .text          0x0200433c       0x88 /opt/devkitPro/devkitARM/lib/gcc/arm-eabi/4.3.3/../../../../arm-eabi/lib/thumb/libg.a(lib_a-memcpy.o)
                0x0200433c                memcpy
 .text          0x020043c4       0xb0 /opt/devkitPro/devkitARM/lib/gcc/arm-eabi/4.3.3/../../../../arm-eabi/lib/thumb/libg.a(lib_a-memset.o)
                0x020043c4                memset
 .text          0x02004474        0x8 /opt/devkitPro/devkitARM/lib/gcc/arm-eabi/4.3.3/../../../../arm-eabi/lib/thumb/libg.a(lib_a-mlock.o)
                0x02004478                __malloc_unlock
                0x02004474                __malloc_lock
 .text          0x0200447c       0x88 /opt/devkitPro/devkitARM/lib/gcc/arm-eabi/4.3.3/../../../../arm-eabi/lib/thumb/libg.a(lib_a-puts.o)
                0x0200447c                _puts_r
                0x020044ec                puts
 .text          0x02004504       0x1c /opt/devkitPro/devkitARM/lib/gcc/arm-eabi/4.3.3/../../../../arm-eabi/lib/thumb/libg.a(lib_a-realloc.o)
                0x02004504                realloc
 .text          0x02004520      0x340 /opt/devkitPro/devkitARM/lib/gcc/arm-eabi/4.3.3/../../../../arm-eabi/lib/thumb/libg.a(lib_a-reallocr.o)
                0x02004520                _realloc_r
 .text          0x02004860      0x114 /opt/devkitPro/devkitARM/lib/gcc/arm-eabi/4.3.3/../../../../arm-eabi/lib/thumb/libg.a(lib_a-setvbuf.o)
                0x02004860                setvbuf
 .text          0x02004974       0xa4 /opt/devkitPro/devkitARM/lib/gcc/arm-eabi/4.3.3/../../../../arm-eabi/lib/thumb/libg.a(lib_a-siscanf.o)
                0x02004978                _siscanf_r
                0x020049c8                siscanf
 .text          0x02004a18       0x60 /opt/devkitPro/devkitARM/lib/gcc/arm-eabi/4.3.3/../../../../arm-eabi/lib/thumb/libg.a(lib_a-strlen.o)
                0x02004a18                strlen
 .text          0x02004a78      0x8fc /opt/devkitPro/devkitARM/lib/gcc/arm-eabi/4.3.3/../../../../arm-eabi/lib/thumb/libg.a(lib_a-svfiscanf.o)
                0x02004b4c                __ssvfiscanf_r
 .text          0x02005374      0x1a0 /opt/devkitPro/devkitARM/lib/gcc/arm-eabi/4.3.3/../../../../arm-eabi/lib/thumb/libg.a(lib_a-ungetc.o)
                0x020054f8                ungetc
                0x02005374                __submore
                0x020053f0                _ungetc_r
 .text          0x02005514      0xc44 /opt/devkitPro/devkitARM/lib/gcc/arm-eabi/4.3.3/../../../../arm-eabi/lib/thumb/libg.a(lib_a-vfiprintf.o)
                0x02006134                vfiprintf
                0x02005534                _vfiprintf_r
 .text          0x02006158       0x68 /opt/devkitPro/devkitARM/lib/gcc/arm-eabi/4.3.3/../../../../arm-eabi/lib/thumb/libg.a(lib_a-wcrtomb.o)
                0x02006158                _wcrtomb_r
                0x0200619c                wcrtomb
 .text          0x020061c0      0x108 /opt/devkitPro/devkitARM/lib/gcc/arm-eabi/4.3.3/../../../../arm-eabi/lib/thumb/libg.a(lib_a-wcsrtombs.o)
                0x020061c0                _wcsrtombs_r
                0x020062a0                wcsrtombs
 .text          0x020062c8      0x2c8 /opt/devkitPro/devkitARM/lib/gcc/arm-eabi/4.3.3/../../../../arm-eabi/lib/thumb/libg.a(lib_a-wctomb_r.o)
                0x020062c8                _wctomb_r
 .text          0x02006590       0xc8 /opt/devkitPro/devkitARM/lib/gcc/arm-eabi/4.3.3/../../../../arm-eabi/lib/thumb/libg.a(lib_a-wsetup.o)
                0x02006590                __swsetup_r
 .text          0x02006658        0x0 /opt/devkitPro/devkitARM/lib/gcc/arm-eabi/4.3.3/../../../../arm-eabi/lib/thumb/libg.a(lib_a-ctype_.o)
 .text          0x02006658      0x150 /opt/devkitPro/devkitARM/lib/gcc/arm-eabi/4.3.3/../../../../arm-eabi/lib/thumb/libg.a(lib_a-fflush.o)
                0x02006774                fflush
                0x02006658                _fflush_r
 .text          0x020067a8      0x1f0 /opt/devkitPro/devkitARM/lib/gcc/arm-eabi/4.3.3/../../../../arm-eabi/lib/thumb/libg.a(lib_a-findfp.o)
                0x02006874                __sinit
                0x020068d0                __sfmoreglue
                0x0200680c                _cleanup
                0x020067f8                _cleanup_r
                0x020067dc                __fp_lock_all
                0x020067a8                __sfp_lock_acquire
                0x02006904                __sfp
                0x020067b4                __sinit_lock_release
                0x020067c0                __fp_unlock_all
                0x020067ac                __sfp_lock_release
                0x020067b0                __sinit_lock_acquire
 .text          0x02006998      0x23c /opt/devkitPro/devkitARM/lib/gcc/arm-eabi/4.3.3/../../../../arm-eabi/lib/thumb/libg.a(lib_a-freer.o)
                0x02006a40                _free_r
                0x02006998                _malloc_trim_r
 .text          0x02006bd4      0x318 /opt/devkitPro/devkitARM/lib/gcc/arm-eabi/4.3.3/../../../../arm-eabi/lib/thumb/libg.a(lib_a-fvwrite.o)
                0x02006bd4                __sfvwrite_r
 .text          0x02006eec       0xc8 /opt/devkitPro/devkitARM/lib/gcc/arm-eabi/4.3.3/../../../../arm-eabi/lib/thumb/libg.a(lib_a-fwalk.o)
                0x02006f54                _fwalk
                0x02006eec                _fwalk_reent
 .text          0x02006fb4       0xec /opt/devkitPro/devkitARM/lib/gcc/arm-eabi/4.3.3/../../../../arm-eabi/lib/thumb/libg.a(lib_a-iswspace.o)
                0x02006fb4                iswspace
 .text          0x020070a0      0x178 /opt/devkitPro/devkitARM/lib/gcc/arm-eabi/4.3.3/../../../../arm-eabi/lib/thumb/libg.a(lib_a-jp2uc.o)
                0x020070a0                __jp2uc
 .text          0x02007218      0x28c /opt/devkitPro/devkitARM/lib/gcc/arm-eabi/4.3.3/../../../../arm-eabi/lib/thumb/libg.a(lib_a-locale.o)
                0x02007234                _setlocale_r
                0x02007218                __locale_charset
                0x02007224                _localeconv_r
                0x02007488                setlocale
                0x0200722c                localeconv
 .text          0x020074a4       0xe8 /opt/devkitPro/devkitARM/lib/gcc/arm-eabi/4.3.3/../../../../arm-eabi/lib/thumb/libg.a(lib_a-makebuf.o)
                0x020074a4                __smakebuf_r
 .text          0x0200758c       0x70 /opt/devkitPro/devkitARM/lib/gcc/arm-eabi/4.3.3/../../../../arm-eabi/lib/thumb/libg.a(lib_a-mbrtowc.o)
                0x020075d4                mbrtowc
                0x0200758c                _mbrtowc_r
 .text          0x020075fc      0x69c /opt/devkitPro/devkitARM/lib/gcc/arm-eabi/4.3.3/../../../../arm-eabi/lib/thumb/libg.a(lib_a-mbtowc_r.o)
                0x020075fc                _mbtowc_r
 .text          0x02007c98       0x8c /opt/devkitPro/devkitARM/lib/gcc/arm-eabi/4.3.3/../../../../arm-eabi/lib/thumb/libg.a(lib_a-memchr.o)
                0x02007c98                memchr
 .text          0x02007d24       0xb0 /opt/devkitPro/devkitARM/lib/gcc/arm-eabi/4.3.3/../../../../arm-eabi/lib/thumb/libg.a(lib_a-memmove.o)
                0x02007d24                memmove
 .text          0x02007dd4       0x78 /opt/devkitPro/devkitARM/lib/gcc/arm-eabi/4.3.3/../../../../arm-eabi/lib/thumb/libg.a(lib_a-sccl.o)
                0x02007dd4                __sccl
 .text          0x02007e4c       0xb8 /opt/devkitPro/devkitARM/lib/gcc/arm-eabi/4.3.3/../../../../arm-eabi/lib/thumb/libg.a(lib_a-stdio.o)
                0x02007e60                __sseek
                0x02007ed4                __sread
                0x02007e4c                __sclose
                0x02007e94                __swrite
 .text          0x02007f04       0x5c /opt/devkitPro/devkitARM/lib/gcc/arm-eabi/4.3.3/../../../../arm-eabi/lib/thumb/libg.a(lib_a-strcmp.o)
                0x02007f04                strcmp
 .text          0x02007f60       0x48 /opt/devkitPro/devkitARM/lib/gcc/arm-eabi/4.3.3/../../../../arm-eabi/lib/thumb/libg.a(lib_a-strcpy.o)
                0x02007f60                strcpy
 .text          0x02007fa8      0x18c /opt/devkitPro/devkitARM/lib/gcc/arm-eabi/4.3.3/../../../../arm-eabi/lib/thumb/libg.a(lib_a-strtol.o)
                0x02008110                strtol
                0x02007fa8                _strtol_r
 .text          0x02008134      0x190 /opt/devkitPro/devkitARM/lib/gcc/arm-eabi/4.3.3/../../../../arm-eabi/lib/thumb/libg.a(lib_a-strtoul.o)
                0x020082a0                strtoul
                0x02008134                _strtoul_r
 .text          0x020082c4       0xc0 /opt/devkitPro/devkitARM/lib/gcc/arm-eabi/4.3.3/../../../../arm-eabi/lib/thumb/libg.a(lib_a-fclose.o)
                0x020082c4                _fclose_r
                0x02008368                fclose
 .text          0x02008384      0x134 /opt/devkitPro/devkitARM/lib/gcc/arm-eabi/4.3.3/../../../../arm-eabi/lib/thumb/libsysbase.a(iosupport.o)
                0x02008494                RemoveDevice
                0x02008384                setDefaultDevice
                0x02008398                AddDevice
                0x02008474                GetDeviceOpTab
                0x02008410                FindDevice
 .text          0x020084b8       0x54 /opt/devkitPro/devkitARM/lib/gcc/arm-eabi/4.3.3/../../../../arm-eabi/lib/thumb/libsysbase.a(close.o)
                0x020084b8                _close_r
 .text          0x0200850c       0x5c /opt/devkitPro/devkitARM/lib/gcc/arm-eabi/4.3.3/../../../../arm-eabi/lib/thumb/libsysbase.a(fstat.o)
                0x0200850c                _fstat_r
 .text          0x02008568        0x4 /opt/devkitPro/devkitARM/lib/gcc/arm-eabi/4.3.3/../../../../arm-eabi/lib/thumb/libsysbase.a(isatty.o)
                0x02008568                _isatty_r
 .text          0x0200856c       0x54 /opt/devkitPro/devkitARM/lib/gcc/arm-eabi/4.3.3/../../../../arm-eabi/lib/thumb/libsysbase.a(lseek.o)
                0x0200856c                _lseek_r
 .text          0x020085c0       0x54 /opt/devkitPro/devkitARM/lib/gcc/arm-eabi/4.3.3/../../../../arm-eabi/lib/thumb/libsysbase.a(read.o)
                0x020085c0                _read_r
 .text          0x02008614       0x54 /opt/devkitPro/devkitARM/lib/gcc/arm-eabi/4.3.3/../../../../arm-eabi/lib/thumb/libsysbase.a(sbrk.o)
                0x02008614                _sbrk_r
 .text          0x02008668       0x4c /opt/devkitPro/devkitARM/lib/gcc/arm-eabi/4.3.3/../../../../arm-eabi/lib/thumb/libsysbase.a(times.o)
                0x02008670                _gettimeofday_r
                0x02008668                _times_r
                0x0200869c                _times
 .text          0x020086b4       0x54 /opt/devkitPro/devkitARM/lib/gcc/arm-eabi/4.3.3/../../../../arm-eabi/lib/thumb/libsysbase.a(write.o)
                0x020086b4                _write_r
 .text          0x02008708        0x0 /opt/devkitPro/devkitARM/lib/gcc/arm-eabi/4.3.3/../../../../arm-eabi/lib/thumb/libsysbase.a(malloc_vars.o)
 .text          0x02008708       0x54 /opt/devkitPro/devkitARM/lib/gcc/arm-eabi/4.3.3/../../../../arm-eabi/lib/thumb/libsysbase.a(build_argv.o)
                0x02008708                build_argv
 .text          0x0200875c       0x90 /opt/devkitPro/devkitARM/lib/gcc/arm-eabi/4.3.3/../../../../arm-eabi/lib/thumb/libsysbase.a(handle_manager.o)
                0x020087bc                __release_handle
                0x0200877c                __alloc_handle
                0x0200875c                __get_handle
 .text          0x020087ec       0x8c /opt/devkitPro/devkitARM/lib/gcc/arm-eabi/4.3.3/thumb/libgcc.a(_udivsi3.o)
                0x020087ec                __udivsi3
                0x020087ec                __aeabi_uidiv
                0x02008868                __aeabi_uidivmod
 .text          0x02008878        0x4 /opt/devkitPro/devkitARM/lib/gcc/arm-eabi/4.3.3/thumb/libgcc.a(_dvmd_tls.o)
                0x02008878                __aeabi_ldiv0
                0x02008878                __div0
                0x02008878                __aeabi_idiv0
 .text          0x0200887c        0xc /opt/devkitPro/devkitARM/lib/gcc/arm-eabi/4.3.3/../../../../arm-eabi/lib/thumb/libg.a(lib_a-errno.o)
                0x0200887c                __errno
 .text          0x02008888       0x9c /opt/devkitPro/devkitARM/lib/gcc/arm-eabi/4.3.3/../../../../arm-eabi/lib/thumb/libg.a(lib_a-strncmp.o)
                0x02008888                strncmp
 .text          0x02008924        0x0 /opt/devkitPro/devkitARM/lib/gcc/arm-eabi/4.3.3/thumb/crtend.o
 .text          0x02008924        0x0 /opt/devkitPro/devkitARM/lib/gcc/arm-eabi/4.3.3/thumb/crtn.o
 *(.text.*)
 *(.stub)
 *(.gnu.warning)
 *(.gnu.linkonce.t*)
 *(.glue_7)
 .glue_7        0x02008924        0x0 /opt/devkitPro/devkitARM/lib/gcc/arm-eabi/4.3.3/../../../../arm-eabi/lib/thumb/ds_arm9_crt0.o
 .glue_7        0x02008924        0x0 /opt/devkitPro/devkitARM/lib/gcc/arm-eabi/4.3.3/thumb/crti.o
 .glue_7        0x02008924        0x0 /opt/devkitPro/devkitARM/lib/gcc/arm-eabi/4.3.3/thumb/crtbegin.o
 .glue_7        0x02008924        0x0 soundbank.bin.o
 .glue_7        0x02008924        0x0 main.o
 .glue_7        0x02008924        0x0 /opt/devkitPro/libnds/lib/libnds9.a(console.o)
 .glue_7        0x02008924        0x0 /opt/devkitPro/libnds/lib/libnds9.a(initSystem.o)
 .glue_7        0x02008924        0x0 /opt/devkitPro/libnds/lib/libnds9.a(system.o)
 .glue_7        0x02008924        0x0 /opt/devkitPro/libnds/lib/libnds9.a(video.o)
 .glue_7        0x02008924        0x0 /opt/devkitPro/libnds/lib/libnds9.a(videoGL.o)
 .glue_7        0x02008924        0x0 /opt/devkitPro/libnds/lib/libnds9.a(fifosystem.o)
 .glue_7        0x02008924        0x0 /opt/devkitPro/libnds/lib/libnds9.a(interrupts.o)
 .glue_7        0x02008924        0x0 /opt/devkitPro/libnds/lib/libnds9.a(biosCalls.o)
 .glue_7        0x02008924        0x0 /opt/devkitPro/libnds/lib/libnds9.a(debugprint.o)
 .glue_7        0x02008924        0x0 /opt/devkitPro/libnds/lib/libnds9.a(interruptDispatcher.o)
 .glue_7        0x02008924        0x0 /opt/devkitPro/libnds/lib/libnds9.a(default_font.bin.o)
 .glue_7        0x02008924        0x0 /opt/devkitPro/libnds/lib/libnds9.a(background.o)
 .glue_7        0x02008924        0x0 /opt/devkitPro/libnds/lib/libnds9.a(trig.o)
 .glue_7        0x02008924        0x0 /opt/devkitPro/devkitARM/lib/gcc/arm-eabi/4.3.3/thumb/libgcc.a(_muldi3.o)
 .glue_7        0x02008924        0x0 /opt/devkitPro/devkitARM/lib/gcc/arm-eabi/4.3.3/../../../../arm-eabi/lib/thumb/libg.a(lib_a-bsearch.o)
 .glue_7        0x02008924        0x0 /opt/devkitPro/devkitARM/lib/gcc/arm-eabi/4.3.3/../../../../arm-eabi/lib/thumb/libg.a(lib_a-impure.o)
 .glue_7        0x02008924        0x0 /opt/devkitPro/devkitARM/lib/gcc/arm-eabi/4.3.3/../../../../arm-eabi/lib/thumb/libg.a(lib_a-init.o)
 .glue_7        0x02008924        0x0 /opt/devkitPro/devkitARM/lib/gcc/arm-eabi/4.3.3/../../../../arm-eabi/lib/thumb/libg.a(lib_a-iprintf.o)
 .glue_7        0x02008924        0x0 /opt/devkitPro/devkitARM/lib/gcc/arm-eabi/4.3.3/../../../../arm-eabi/lib/thumb/libg.a(lib_a-malloc.o)
 .glue_7        0x02008924        0x0 /opt/devkitPro/devkitARM/lib/gcc/arm-eabi/4.3.3/../../../../arm-eabi/lib/thumb/libg.a(lib_a-mallocr.o)
 .glue_7        0x02008924        0x0 /opt/devkitPro/devkitARM/lib/gcc/arm-eabi/4.3.3/../../../../arm-eabi/lib/thumb/libg.a(lib_a-memcpy.o)
 .glue_7        0x02008924        0x0 /opt/devkitPro/devkitARM/lib/gcc/arm-eabi/4.3.3/../../../../arm-eabi/lib/thumb/libg.a(lib_a-memset.o)
 .glue_7        0x02008924        0x0 /opt/devkitPro/devkitARM/lib/gcc/arm-eabi/4.3.3/../../../../arm-eabi/lib/thumb/libg.a(lib_a-mlock.o)
 .glue_7        0x02008924        0x0 /opt/devkitPro/devkitARM/lib/gcc/arm-eabi/4.3.3/../../../../arm-eabi/lib/thumb/libg.a(lib_a-puts.o)
 .glue_7        0x02008924        0x0 /opt/devkitPro/devkitARM/lib/gcc/arm-eabi/4.3.3/../../../../arm-eabi/lib/thumb/libg.a(lib_a-realloc.o)
 .glue_7        0x02008924        0x0 /opt/devkitPro/devkitARM/lib/gcc/arm-eabi/4.3.3/../../../../arm-eabi/lib/thumb/libg.a(lib_a-reallocr.o)
 .glue_7        0x02008924        0x0 /opt/devkitPro/devkitARM/lib/gcc/arm-eabi/4.3.3/../../../../arm-eabi/lib/thumb/libg.a(lib_a-setvbuf.o)
 .glue_7        0x02008924        0x0 /opt/devkitPro/devkitARM/lib/gcc/arm-eabi/4.3.3/../../../../arm-eabi/lib/thumb/libg.a(lib_a-siscanf.o)
 .glue_7        0x02008924        0x0 /opt/devkitPro/devkitARM/lib/gcc/arm-eabi/4.3.3/../../../../arm-eabi/lib/thumb/libg.a(lib_a-strlen.o)
 .glue_7        0x02008924        0x0 /opt/devkitPro/devkitARM/lib/gcc/arm-eabi/4.3.3/../../../../arm-eabi/lib/thumb/libg.a(lib_a-svfiscanf.o)
 .glue_7        0x02008924        0x0 /opt/devkitPro/devkitARM/lib/gcc/arm-eabi/4.3.3/../../../../arm-eabi/lib/thumb/libg.a(lib_a-ungetc.o)
 .glue_7        0x02008924        0x0 /opt/devkitPro/devkitARM/lib/gcc/arm-eabi/4.3.3/../../../../arm-eabi/lib/thumb/libg.a(lib_a-vfiprintf.o)
 .glue_7        0x02008924        0x0 /opt/devkitPro/devkitARM/lib/gcc/arm-eabi/4.3.3/../../../../arm-eabi/lib/thumb/libg.a(lib_a-wcrtomb.o)
 .glue_7        0x02008924        0x0 /opt/devkitPro/devkitARM/lib/gcc/arm-eabi/4.3.3/../../../../arm-eabi/lib/thumb/libg.a(lib_a-wcsrtombs.o)
 .glue_7        0x02008924        0x0 /opt/devkitPro/devkitARM/lib/gcc/arm-eabi/4.3.3/../../../../arm-eabi/lib/thumb/libg.a(lib_a-wctomb_r.o)
 .glue_7        0x02008924        0x0 /opt/devkitPro/devkitARM/lib/gcc/arm-eabi/4.3.3/../../../../arm-eabi/lib/thumb/libg.a(lib_a-wsetup.o)
 .glue_7        0x02008924        0x0 /opt/devkitPro/devkitARM/lib/gcc/arm-eabi/4.3.3/../../../../arm-eabi/lib/thumb/libg.a(lib_a-ctype_.o)
 .glue_7        0x02008924        0x0 /opt/devkitPro/devkitARM/lib/gcc/arm-eabi/4.3.3/../../../../arm-eabi/lib/thumb/libg.a(lib_a-fflush.o)
 .glue_7        0x02008924        0x0 /opt/devkitPro/devkitARM/lib/gcc/arm-eabi/4.3.3/../../../../arm-eabi/lib/thumb/libg.a(lib_a-findfp.o)
 .glue_7        0x02008924        0x0 /opt/devkitPro/devkitARM/lib/gcc/arm-eabi/4.3.3/../../../../arm-eabi/lib/thumb/libg.a(lib_a-freer.o)
 .glue_7        0x02008924        0x0 /opt/devkitPro/devkitARM/lib/gcc/arm-eabi/4.3.3/../../../../arm-eabi/lib/thumb/libg.a(lib_a-fvwrite.o)
 .glue_7        0x02008924        0x0 /opt/devkitPro/devkitARM/lib/gcc/arm-eabi/4.3.3/../../../../arm-eabi/lib/thumb/libg.a(lib_a-fwalk.o)
 .glue_7        0x02008924        0x0 /opt/devkitPro/devkitARM/lib/gcc/arm-eabi/4.3.3/../../../../arm-eabi/lib/thumb/libg.a(lib_a-iswspace.o)
 .glue_7        0x02008924        0x0 /opt/devkitPro/devkitARM/lib/gcc/arm-eabi/4.3.3/../../../../arm-eabi/lib/thumb/libg.a(lib_a-jp2uc.o)
 .glue_7        0x02008924        0x0 /opt/devkitPro/devkitARM/lib/gcc/arm-eabi/4.3.3/../../../../arm-eabi/lib/thumb/libg.a(lib_a-locale.o)
 .glue_7        0x02008924        0x0 /opt/devkitPro/devkitARM/lib/gcc/arm-eabi/4.3.3/../../../../arm-eabi/lib/thumb/libg.a(lib_a-makebuf.o)
 .glue_7        0x02008924        0x0 /opt/devkitPro/devkitARM/lib/gcc/arm-eabi/4.3.3/../../../../arm-eabi/lib/thumb/libg.a(lib_a-mbrtowc.o)
 .glue_7        0x02008924        0x0 /opt/devkitPro/devkitARM/lib/gcc/arm-eabi/4.3.3/../../../../arm-eabi/lib/thumb/libg.a(lib_a-mbtowc_r.o)
 .glue_7        0x02008924        0x0 /opt/devkitPro/devkitARM/lib/gcc/arm-eabi/4.3.3/../../../../arm-eabi/lib/thumb/libg.a(lib_a-memchr.o)
 .glue_7        0x02008924        0x0 /opt/devkitPro/devkitARM/lib/gcc/arm-eabi/4.3.3/../../../../arm-eabi/lib/thumb/libg.a(lib_a-memmove.o)
 .glue_7        0x02008924        0x0 /opt/devkitPro/devkitARM/lib/gcc/arm-eabi/4.3.3/../../../../arm-eabi/lib/thumb/libg.a(lib_a-sccl.o)
 .glue_7        0x02008924        0x0 /opt/devkitPro/devkitARM/lib/gcc/arm-eabi/4.3.3/../../../../arm-eabi/lib/thumb/libg.a(lib_a-stdio.o)
 .glue_7        0x02008924        0x0 /opt/devkitPro/devkitARM/lib/gcc/arm-eabi/4.3.3/../../../../arm-eabi/lib/thumb/libg.a(lib_a-strcmp.o)
 .glue_7        0x02008924        0x0 /opt/devkitPro/devkitARM/lib/gcc/arm-eabi/4.3.3/../../../../arm-eabi/lib/thumb/libg.a(lib_a-strcpy.o)
 .glue_7        0x02008924        0x0 /opt/devkitPro/devkitARM/lib/gcc/arm-eabi/4.3.3/../../../../arm-eabi/lib/thumb/libg.a(lib_a-strtol.o)
 .glue_7        0x02008924        0x0 /opt/devkitPro/devkitARM/lib/gcc/arm-eabi/4.3.3/../../../../arm-eabi/lib/thumb/libg.a(lib_a-strtoul.o)
 .glue_7        0x02008924        0x0 /opt/devkitPro/devkitARM/lib/gcc/arm-eabi/4.3.3/../../../../arm-eabi/lib/thumb/libg.a(lib_a-fclose.o)
 .glue_7        0x02008924        0x0 /opt/devkitPro/devkitARM/lib/gcc/arm-eabi/4.3.3/../../../../arm-eabi/lib/thumb/libsysbase.a(iosupport.o)
 .glue_7        0x02008924        0x0 /opt/devkitPro/devkitARM/lib/gcc/arm-eabi/4.3.3/../../../../arm-eabi/lib/thumb/libsysbase.a(close.o)
 .glue_7        0x02008924        0x0 /opt/devkitPro/devkitARM/lib/gcc/arm-eabi/4.3.3/../../../../arm-eabi/lib/thumb/libsysbase.a(fstat.o)
 .glue_7        0x02008924        0x0 /opt/devkitPro/devkitARM/lib/gcc/arm-eabi/4.3.3/../../../../arm-eabi/lib/thumb/libsysbase.a(isatty.o)
 .glue_7        0x02008924        0x0 /opt/devkitPro/devkitARM/lib/gcc/arm-eabi/4.3.3/../../../../arm-eabi/lib/thumb/libsysbase.a(lseek.o)
 .glue_7        0x02008924        0x0 /opt/devkitPro/devkitARM/lib/gcc/arm-eabi/4.3.3/../../../../arm-eabi/lib/thumb/libsysbase.a(read.o)
 .glue_7        0x02008924        0x0 /opt/devkitPro/devkitARM/lib/gcc/arm-eabi/4.3.3/../../../../arm-eabi/lib/thumb/libsysbase.a(sbrk.o)
 .glue_7        0x02008924        0x0 /opt/devkitPro/devkitARM/lib/gcc/arm-eabi/4.3.3/../../../../arm-eabi/lib/thumb/libsysbase.a(times.o)
 .glue_7        0x02008924        0x0 /opt/devkitPro/devkitARM/lib/gcc/arm-eabi/4.3.3/../../../../arm-eabi/lib/thumb/libsysbase.a(write.o)
 .glue_7        0x02008924        0x0 /opt/devkitPro/devkitARM/lib/gcc/arm-eabi/4.3.3/../../../../arm-eabi/lib/thumb/libsysbase.a(malloc_vars.o)
 .glue_7        0x02008924        0x0 /opt/devkitPro/devkitARM/lib/gcc/arm-eabi/4.3.3/../../../../arm-eabi/lib/thumb/libsysbase.a(build_argv.o)
 .glue_7        0x02008924        0x0 /opt/devkitPro/devkitARM/lib/gcc/arm-eabi/4.3.3/../../../../arm-eabi/lib/thumb/libsysbase.a(handle_manager.o)
 .glue_7        0x02008924        0x0 /opt/devkitPro/devkitARM/lib/gcc/arm-eabi/4.3.3/thumb/libgcc.a(_udivsi3.o)
 .glue_7        0x02008924        0x0 /opt/devkitPro/devkitARM/lib/gcc/arm-eabi/4.3.3/thumb/libgcc.a(_dvmd_tls.o)
 .glue_7        0x02008924        0x0 /opt/devkitPro/devkitARM/lib/gcc/arm-eabi/4.3.3/../../../../arm-eabi/lib/thumb/libg.a(lib_a-errno.o)
 .glue_7        0x02008924        0x0 /opt/devkitPro/devkitARM/lib/gcc/arm-eabi/4.3.3/../../../../arm-eabi/lib/thumb/libg.a(lib_a-strncmp.o)
 .glue_7        0x02008924        0x0 /opt/devkitPro/devkitARM/lib/gcc/arm-eabi/4.3.3/thumb/crtend.o
 .glue_7        0x02008924        0x0 /opt/devkitPro/devkitARM/lib/gcc/arm-eabi/4.3.3/thumb/crtn.o
 *(.glue_7t)
 .glue_7t       0x02008924        0x0 /opt/devkitPro/devkitARM/lib/gcc/arm-eabi/4.3.3/../../../../arm-eabi/lib/thumb/ds_arm9_crt0.o
 .glue_7t       0x02008924        0x0 /opt/devkitPro/devkitARM/lib/gcc/arm-eabi/4.3.3/thumb/crti.o
 .glue_7t       0x02008924        0x0 /opt/devkitPro/devkitARM/lib/gcc/arm-eabi/4.3.3/thumb/crtbegin.o
 .glue_7t       0x02008924        0x0 soundbank.bin.o
 .glue_7t       0x02008924        0x0 main.o
 .glue_7t       0x02008924        0x0 /opt/devkitPro/libnds/lib/libnds9.a(console.o)
 .glue_7t       0x02008924        0x0 /opt/devkitPro/libnds/lib/libnds9.a(initSystem.o)
 .glue_7t       0x02008924        0x0 /opt/devkitPro/libnds/lib/libnds9.a(system.o)
 .glue_7t       0x02008924        0x0 /opt/devkitPro/libnds/lib/libnds9.a(video.o)
 .glue_7t       0x02008924        0x0 /opt/devkitPro/libnds/lib/libnds9.a(videoGL.o)
 .glue_7t       0x02008924        0x0 /opt/devkitPro/libnds/lib/libnds9.a(fifosystem.o)
 .glue_7t       0x02008924        0x0 /opt/devkitPro/libnds/lib/libnds9.a(interrupts.o)
 .glue_7t       0x02008924        0x0 /opt/devkitPro/libnds/lib/libnds9.a(biosCalls.o)
 .glue_7t       0x02008924        0x0 /opt/devkitPro/libnds/lib/libnds9.a(debugprint.o)
 .glue_7t       0x02008924        0x0 /opt/devkitPro/libnds/lib/libnds9.a(interruptDispatcher.o)
 .glue_7t       0x02008924        0x0 /opt/devkitPro/libnds/lib/libnds9.a(default_font.bin.o)
 .glue_7t       0x02008924        0x0 /opt/devkitPro/libnds/lib/libnds9.a(background.o)
 .glue_7t       0x02008924        0x0 /opt/devkitPro/libnds/lib/libnds9.a(trig.o)
 .glue_7t       0x02008924        0x0 /opt/devkitPro/devkitARM/lib/gcc/arm-eabi/4.3.3/thumb/libgcc.a(_muldi3.o)
 .glue_7t       0x02008924        0x0 /opt/devkitPro/devkitARM/lib/gcc/arm-eabi/4.3.3/../../../../arm-eabi/lib/thumb/libg.a(lib_a-bsearch.o)
 .glue_7t       0x02008924        0x0 /opt/devkitPro/devkitARM/lib/gcc/arm-eabi/4.3.3/../../../../arm-eabi/lib/thumb/libg.a(lib_a-impure.o)
 .glue_7t       0x02008924        0x0 /opt/devkitPro/devkitARM/lib/gcc/arm-eabi/4.3.3/../../../../arm-eabi/lib/thumb/libg.a(lib_a-init.o)
 .glue_7t       0x02008924        0x0 /opt/devkitPro/devkitARM/lib/gcc/arm-eabi/4.3.3/../../../../arm-eabi/lib/thumb/libg.a(lib_a-iprintf.o)
 .glue_7t       0x02008924        0x0 /opt/devkitPro/devkitARM/lib/gcc/arm-eabi/4.3.3/../../../../arm-eabi/lib/thumb/libg.a(lib_a-malloc.o)
 .glue_7t       0x02008924        0x0 /opt/devkitPro/devkitARM/lib/gcc/arm-eabi/4.3.3/../../../../arm-eabi/lib/thumb/libg.a(lib_a-mallocr.o)
 .glue_7t       0x02008924        0x0 /opt/devkitPro/devkitARM/lib/gcc/arm-eabi/4.3.3/../../../../arm-eabi/lib/thumb/libg.a(lib_a-memcpy.o)
 .glue_7t       0x02008924        0x0 /opt/devkitPro/devkitARM/lib/gcc/arm-eabi/4.3.3/../../../../arm-eabi/lib/thumb/libg.a(lib_a-memset.o)
 .glue_7t       0x02008924        0x0 /opt/devkitPro/devkitARM/lib/gcc/arm-eabi/4.3.3/../../../../arm-eabi/lib/thumb/libg.a(lib_a-mlock.o)
 .glue_7t       0x02008924        0x0 /opt/devkitPro/devkitARM/lib/gcc/arm-eabi/4.3.3/../../../../arm-eabi/lib/thumb/libg.a(lib_a-puts.o)
 .glue_7t       0x02008924        0x0 /opt/devkitPro/devkitARM/lib/gcc/arm-eabi/4.3.3/../../../../arm-eabi/lib/thumb/libg.a(lib_a-realloc.o)
 .glue_7t       0x02008924        0x0 /opt/devkitPro/devkitARM/lib/gcc/arm-eabi/4.3.3/../../../../arm-eabi/lib/thumb/libg.a(lib_a-reallocr.o)
 .glue_7t       0x02008924        0x0 /opt/devkitPro/devkitARM/lib/gcc/arm-eabi/4.3.3/../../../../arm-eabi/lib/thumb/libg.a(lib_a-setvbuf.o)
 .glue_7t       0x02008924        0x0 /opt/devkitPro/devkitARM/lib/gcc/arm-eabi/4.3.3/../../../../arm-eabi/lib/thumb/libg.a(lib_a-siscanf.o)
 .glue_7t       0x02008924        0x0 /opt/devkitPro/devkitARM/lib/gcc/arm-eabi/4.3.3/../../../../arm-eabi/lib/thumb/libg.a(lib_a-strlen.o)
 .glue_7t       0x02008924        0x0 /opt/devkitPro/devkitARM/lib/gcc/arm-eabi/4.3.3/../../../../arm-eabi/lib/thumb/libg.a(lib_a-svfiscanf.o)
 .glue_7t       0x02008924        0x0 /opt/devkitPro/devkitARM/lib/gcc/arm-eabi/4.3.3/../../../../arm-eabi/lib/thumb/libg.a(lib_a-ungetc.o)
 .glue_7t       0x02008924        0x0 /opt/devkitPro/devkitARM/lib/gcc/arm-eabi/4.3.3/../../../../arm-eabi/lib/thumb/libg.a(lib_a-vfiprintf.o)
 .glue_7t       0x02008924        0x0 /opt/devkitPro/devkitARM/lib/gcc/arm-eabi/4.3.3/../../../../arm-eabi/lib/thumb/libg.a(lib_a-wcrtomb.o)
 .glue_7t       0x02008924        0x0 /opt/devkitPro/devkitARM/lib/gcc/arm-eabi/4.3.3/../../../../arm-eabi/lib/thumb/libg.a(lib_a-wcsrtombs.o)
 .glue_7t       0x02008924        0x0 /opt/devkitPro/devkitARM/lib/gcc/arm-eabi/4.3.3/../../../../arm-eabi/lib/thumb/libg.a(lib_a-wctomb_r.o)
 .glue_7t       0x02008924        0x0 /opt/devkitPro/devkitARM/lib/gcc/arm-eabi/4.3.3/../../../../arm-eabi/lib/thumb/libg.a(lib_a-wsetup.o)
 .glue_7t       0x02008924        0x0 /opt/devkitPro/devkitARM/lib/gcc/arm-eabi/4.3.3/../../../../arm-eabi/lib/thumb/libg.a(lib_a-ctype_.o)
 .glue_7t       0x02008924        0x0 /opt/devkitPro/devkitARM/lib/gcc/arm-eabi/4.3.3/../../../../arm-eabi/lib/thumb/libg.a(lib_a-fflush.o)
 .glue_7t       0x02008924        0x0 /opt/devkitPro/devkitARM/lib/gcc/arm-eabi/4.3.3/../../../../arm-eabi/lib/thumb/libg.a(lib_a-findfp.o)
 .glue_7t       0x02008924        0x0 /opt/devkitPro/devkitARM/lib/gcc/arm-eabi/4.3.3/../../../../arm-eabi/lib/thumb/libg.a(lib_a-freer.o)
 .glue_7t       0x02008924        0x0 /opt/devkitPro/devkitARM/lib/gcc/arm-eabi/4.3.3/../../../../arm-eabi/lib/thumb/libg.a(lib_a-fvwrite.o)
 .glue_7t       0x02008924        0x0 /opt/devkitPro/devkitARM/lib/gcc/arm-eabi/4.3.3/../../../../arm-eabi/lib/thumb/libg.a(lib_a-fwalk.o)
 .glue_7t       0x02008924        0x0 /opt/devkitPro/devkitARM/lib/gcc/arm-eabi/4.3.3/../../../../arm-eabi/lib/thumb/libg.a(lib_a-iswspace.o)
 .glue_7t       0x02008924        0x0 /opt/devkitPro/devkitARM/lib/gcc/arm-eabi/4.3.3/../../../../arm-eabi/lib/thumb/libg.a(lib_a-jp2uc.o)
 .glue_7t       0x02008924        0x0 /opt/devkitPro/devkitARM/lib/gcc/arm-eabi/4.3.3/../../../../arm-eabi/lib/thumb/libg.a(lib_a-locale.o)
 .glue_7t       0x02008924        0x0 /opt/devkitPro/devkitARM/lib/gcc/arm-eabi/4.3.3/../../../../arm-eabi/lib/thumb/libg.a(lib_a-makebuf.o)
 .glue_7t       0x02008924        0x0 /opt/devkitPro/devkitARM/lib/gcc/arm-eabi/4.3.3/../../../../arm-eabi/lib/thumb/libg.a(lib_a-mbrtowc.o)
 .glue_7t       0x02008924        0x0 /opt/devkitPro/devkitARM/lib/gcc/arm-eabi/4.3.3/../../../../arm-eabi/lib/thumb/libg.a(lib_a-mbtowc_r.o)
 .glue_7t       0x02008924        0x0 /opt/devkitPro/devkitARM/lib/gcc/arm-eabi/4.3.3/../../../../arm-eabi/lib/thumb/libg.a(lib_a-memchr.o)
 .glue_7t       0x02008924        0x0 /opt/devkitPro/devkitARM/lib/gcc/arm-eabi/4.3.3/../../../../arm-eabi/lib/thumb/libg.a(lib_a-memmove.o)
 .glue_7t       0x02008924        0x0 /opt/devkitPro/devkitARM/lib/gcc/arm-eabi/4.3.3/../../../../arm-eabi/lib/thumb/libg.a(lib_a-sccl.o)
 .glue_7t       0x02008924        0x0 /opt/devkitPro/devkitARM/lib/gcc/arm-eabi/4.3.3/../../../../arm-eabi/lib/thumb/libg.a(lib_a-stdio.o)
 .glue_7t       0x02008924        0x0 /opt/devkitPro/devkitARM/lib/gcc/arm-eabi/4.3.3/../../../../arm-eabi/lib/thumb/libg.a(lib_a-strcmp.o)
 .glue_7t       0x02008924        0x0 /opt/devkitPro/devkitARM/lib/gcc/arm-eabi/4.3.3/../../../../arm-eabi/lib/thumb/libg.a(lib_a-strcpy.o)
 .glue_7t       0x02008924        0x0 /opt/devkitPro/devkitARM/lib/gcc/arm-eabi/4.3.3/../../../../arm-eabi/lib/thumb/libg.a(lib_a-strtol.o)
 .glue_7t       0x02008924        0x0 /opt/devkitPro/devkitARM/lib/gcc/arm-eabi/4.3.3/../../../../arm-eabi/lib/thumb/libg.a(lib_a-strtoul.o)
 .glue_7t       0x02008924        0x0 /opt/devkitPro/devkitARM/lib/gcc/arm-eabi/4.3.3/../../../../arm-eabi/lib/thumb/libg.a(lib_a-fclose.o)
 .glue_7t       0x02008924        0x0 /opt/devkitPro/devkitARM/lib/gcc/arm-eabi/4.3.3/../../../../arm-eabi/lib/thumb/libsysbase.a(iosupport.o)
 .glue_7t       0x02008924        0x0 /opt/devkitPro/devkitARM/lib/gcc/arm-eabi/4.3.3/../../../../arm-eabi/lib/thumb/libsysbase.a(close.o)
 .glue_7t       0x02008924        0x0 /opt/devkitPro/devkitARM/lib/gcc/arm-eabi/4.3.3/../../../../arm-eabi/lib/thumb/libsysbase.a(fstat.o)
 .glue_7t       0x02008924        0x0 /opt/devkitPro/devkitARM/lib/gcc/arm-eabi/4.3.3/../../../../arm-eabi/lib/thumb/libsysbase.a(isatty.o)
 .glue_7t       0x02008924        0x0 /opt/devkitPro/devkitARM/lib/gcc/arm-eabi/4.3.3/../../../../arm-eabi/lib/thumb/libsysbase.a(lseek.o)
 .glue_7t       0x02008924        0x0 /opt/devkitPro/devkitARM/lib/gcc/arm-eabi/4.3.3/../../../../arm-eabi/lib/thumb/libsysbase.a(read.o)
 .glue_7t       0x02008924        0x0 /opt/devkitPro/devkitARM/lib/gcc/arm-eabi/4.3.3/../../../../arm-eabi/lib/thumb/libsysbase.a(sbrk.o)
 .glue_7t       0x02008924        0x0 /opt/devkitPro/devkitARM/lib/gcc/arm-eabi/4.3.3/../../../../arm-eabi/lib/thumb/libsysbase.a(times.o)
 .glue_7t       0x02008924        0x0 /opt/devkitPro/devkitARM/lib/gcc/arm-eabi/4.3.3/../../../../arm-eabi/lib/thumb/libsysbase.a(write.o)
 .glue_7t       0x02008924        0x0 /opt/devkitPro/devkitARM/lib/gcc/arm-eabi/4.3.3/../../../../arm-eabi/lib/thumb/libsysbase.a(malloc_vars.o)
 .glue_7t       0x02008924        0x0 /opt/devkitPro/devkitARM/lib/gcc/arm-eabi/4.3.3/../../../../arm-eabi/lib/thumb/libsysbase.a(build_argv.o)
 .glue_7t       0x02008924        0x0 /opt/devkitPro/devkitARM/lib/gcc/arm-eabi/4.3.3/../../../../arm-eabi/lib/thumb/libsysbase.a(handle_manager.o)
 .glue_7t       0x02008924        0x0 /opt/devkitPro/devkitARM/lib/gcc/arm-eabi/4.3.3/thumb/libgcc.a(_udivsi3.o)
 .glue_7t       0x02008924        0x0 /opt/devkitPro/devkitARM/lib/gcc/arm-eabi/4.3.3/thumb/libgcc.a(_dvmd_tls.o)
 .glue_7t       0x02008924        0x0 /opt/devkitPro/devkitARM/lib/gcc/arm-eabi/4.3.3/../../../../arm-eabi/lib/thumb/libg.a(lib_a-errno.o)
 .glue_7t       0x02008924        0x0 /opt/devkitPro/devkitARM/lib/gcc/arm-eabi/4.3.3/../../../../arm-eabi/lib/thumb/libg.a(lib_a-strncmp.o)
 .glue_7t       0x02008924        0x0 /opt/devkitPro/devkitARM/lib/gcc/arm-eabi/4.3.3/thumb/crtend.o
 .glue_7t       0x02008924        0x0 /opt/devkitPro/devkitARM/lib/gcc/arm-eabi/4.3.3/thumb/crtn.o
                0x02008924                . = ALIGN (0x4)

.vfp11_veneer   0x00000000        0x0
 .vfp11_veneer  0x00000000        0x0 /opt/devkitPro/devkitARM/lib/gcc/arm-eabi/4.3.3/../../../../arm-eabi/lib/thumb/ds_arm9_crt0.o
 .vfp11_veneer  0x00000000        0x0 /opt/devkitPro/devkitARM/lib/gcc/arm-eabi/4.3.3/thumb/crti.o
 .vfp11_veneer  0x00000000        0x0 /opt/devkitPro/devkitARM/lib/gcc/arm-eabi/4.3.3/thumb/crtbegin.o
 .vfp11_veneer  0x00000000        0x0 soundbank.bin.o
 .vfp11_veneer  0x00000000        0x0 main.o
 .vfp11_veneer  0x00000000        0x0 /opt/devkitPro/libnds/lib/libnds9.a(console.o)
 .vfp11_veneer  0x00000000        0x0 /opt/devkitPro/libnds/lib/libnds9.a(initSystem.o)
 .vfp11_veneer  0x00000000        0x0 /opt/devkitPro/libnds/lib/libnds9.a(system.o)
 .vfp11_veneer  0x00000000        0x0 /opt/devkitPro/libnds/lib/libnds9.a(video.o)
 .vfp11_veneer  0x00000000        0x0 /opt/devkitPro/libnds/lib/libnds9.a(videoGL.o)
 .vfp11_veneer  0x00000000        0x0 /opt/devkitPro/libnds/lib/libnds9.a(fifosystem.o)
 .vfp11_veneer  0x00000000        0x0 /opt/devkitPro/libnds/lib/libnds9.a(interrupts.o)
 .vfp11_veneer  0x00000000        0x0 /opt/devkitPro/libnds/lib/libnds9.a(biosCalls.o)
 .vfp11_veneer  0x00000000        0x0 /opt/devkitPro/libnds/lib/libnds9.a(debugprint.o)
 .vfp11_veneer  0x00000000        0x0 /opt/devkitPro/libnds/lib/libnds9.a(interruptDispatcher.o)
 .vfp11_veneer  0x00000000        0x0 /opt/devkitPro/libnds/lib/libnds9.a(default_font.bin.o)
 .vfp11_veneer  0x00000000        0x0 /opt/devkitPro/libnds/lib/libnds9.a(background.o)
 .vfp11_veneer  0x00000000        0x0 /opt/devkitPro/libnds/lib/libnds9.a(trig.o)
 .vfp11_veneer  0x00000000        0x0 /opt/devkitPro/devkitARM/lib/gcc/arm-eabi/4.3.3/thumb/libgcc.a(_muldi3.o)
 .vfp11_veneer  0x00000000        0x0 /opt/devkitPro/devkitARM/lib/gcc/arm-eabi/4.3.3/../../../../arm-eabi/lib/thumb/libg.a(lib_a-bsearch.o)
 .vfp11_veneer  0x00000000        0x0 /opt/devkitPro/devkitARM/lib/gcc/arm-eabi/4.3.3/../../../../arm-eabi/lib/thumb/libg.a(lib_a-impure.o)
 .vfp11_veneer  0x00000000        0x0 /opt/devkitPro/devkitARM/lib/gcc/arm-eabi/4.3.3/../../../../arm-eabi/lib/thumb/libg.a(lib_a-init.o)
 .vfp11_veneer  0x00000000        0x0 /opt/devkitPro/devkitARM/lib/gcc/arm-eabi/4.3.3/../../../../arm-eabi/lib/thumb/libg.a(lib_a-iprintf.o)
 .vfp11_veneer  0x00000000        0x0 /opt/devkitPro/devkitARM/lib/gcc/arm-eabi/4.3.3/../../../../arm-eabi/lib/thumb/libg.a(lib_a-malloc.o)
 .vfp11_veneer  0x00000000        0x0 /opt/devkitPro/devkitARM/lib/gcc/arm-eabi/4.3.3/../../../../arm-eabi/lib/thumb/libg.a(lib_a-mallocr.o)
 .vfp11_veneer  0x00000000        0x0 /opt/devkitPro/devkitARM/lib/gcc/arm-eabi/4.3.3/../../../../arm-eabi/lib/thumb/libg.a(lib_a-memcpy.o)
 .vfp11_veneer  0x00000000        0x0 /opt/devkitPro/devkitARM/lib/gcc/arm-eabi/4.3.3/../../../../arm-eabi/lib/thumb/libg.a(lib_a-memset.o)
 .vfp11_veneer  0x00000000        0x0 /opt/devkitPro/devkitARM/lib/gcc/arm-eabi/4.3.3/../../../../arm-eabi/lib/thumb/libg.a(lib_a-mlock.o)
 .vfp11_veneer  0x00000000        0x0 /opt/devkitPro/devkitARM/lib/gcc/arm-eabi/4.3.3/../../../../arm-eabi/lib/thumb/libg.a(lib_a-puts.o)
 .vfp11_veneer  0x00000000        0x0 /opt/devkitPro/devkitARM/lib/gcc/arm-eabi/4.3.3/../../../../arm-eabi/lib/thumb/libg.a(lib_a-realloc.o)
 .vfp11_veneer  0x00000000        0x0 /opt/devkitPro/devkitARM/lib/gcc/arm-eabi/4.3.3/../../../../arm-eabi/lib/thumb/libg.a(lib_a-reallocr.o)
 .vfp11_veneer  0x00000000        0x0 /opt/devkitPro/devkitARM/lib/gcc/arm-eabi/4.3.3/../../../../arm-eabi/lib/thumb/libg.a(lib_a-setvbuf.o)
 .vfp11_veneer  0x00000000        0x0 /opt/devkitPro/devkitARM/lib/gcc/arm-eabi/4.3.3/../../../../arm-eabi/lib/thumb/libg.a(lib_a-siscanf.o)
 .vfp11_veneer  0x00000000        0x0 /opt/devkitPro/devkitARM/lib/gcc/arm-eabi/4.3.3/../../../../arm-eabi/lib/thumb/libg.a(lib_a-strlen.o)
 .vfp11_veneer  0x00000000        0x0 /opt/devkitPro/devkitARM/lib/gcc/arm-eabi/4.3.3/../../../../arm-eabi/lib/thumb/libg.a(lib_a-svfiscanf.o)
 .vfp11_veneer  0x00000000        0x0 /opt/devkitPro/devkitARM/lib/gcc/arm-eabi/4.3.3/../../../../arm-eabi/lib/thumb/libg.a(lib_a-ungetc.o)
 .vfp11_veneer  0x00000000        0x0 /opt/devkitPro/devkitARM/lib/gcc/arm-eabi/4.3.3/../../../../arm-eabi/lib/thumb/libg.a(lib_a-vfiprintf.o)
 .vfp11_veneer  0x00000000        0x0 /opt/devkitPro/devkitARM/lib/gcc/arm-eabi/4.3.3/../../../../arm-eabi/lib/thumb/libg.a(lib_a-wcrtomb.o)
 .vfp11_veneer  0x00000000        0x0 /opt/devkitPro/devkitARM/lib/gcc/arm-eabi/4.3.3/../../../../arm-eabi/lib/thumb/libg.a(lib_a-wcsrtombs.o)
 .vfp11_veneer  0x00000000        0x0 /opt/devkitPro/devkitARM/lib/gcc/arm-eabi/4.3.3/../../../../arm-eabi/lib/thumb/libg.a(lib_a-wctomb_r.o)
 .vfp11_veneer  0x00000000        0x0 /opt/devkitPro/devkitARM/lib/gcc/arm-eabi/4.3.3/../../../../arm-eabi/lib/thumb/libg.a(lib_a-wsetup.o)
 .vfp11_veneer  0x00000000        0x0 /opt/devkitPro/devkitARM/lib/gcc/arm-eabi/4.3.3/../../../../arm-eabi/lib/thumb/libg.a(lib_a-ctype_.o)
 .vfp11_veneer  0x00000000        0x0 /opt/devkitPro/devkitARM/lib/gcc/arm-eabi/4.3.3/../../../../arm-eabi/lib/thumb/libg.a(lib_a-fflush.o)
 .vfp11_veneer  0x00000000        0x0 /opt/devkitPro/devkitARM/lib/gcc/arm-eabi/4.3.3/../../../../arm-eabi/lib/thumb/libg.a(lib_a-findfp.o)
 .vfp11_veneer  0x00000000        0x0 /opt/devkitPro/devkitARM/lib/gcc/arm-eabi/4.3.3/../../../../arm-eabi/lib/thumb/libg.a(lib_a-freer.o)
 .vfp11_veneer  0x00000000        0x0 /opt/devkitPro/devkitARM/lib/gcc/arm-eabi/4.3.3/../../../../arm-eabi/lib/thumb/libg.a(lib_a-fvwrite.o)
 .vfp11_veneer  0x00000000        0x0 /opt/devkitPro/devkitARM/lib/gcc/arm-eabi/4.3.3/../../../../arm-eabi/lib/thumb/libg.a(lib_a-fwalk.o)
 .vfp11_veneer  0x00000000        0x0 /opt/devkitPro/devkitARM/lib/gcc/arm-eabi/4.3.3/../../../../arm-eabi/lib/thumb/libg.a(lib_a-iswspace.o)
 .vfp11_veneer  0x00000000        0x0 /opt/devkitPro/devkitARM/lib/gcc/arm-eabi/4.3.3/../../../../arm-eabi/lib/thumb/libg.a(lib_a-jp2uc.o)
 .vfp11_veneer  0x00000000        0x0 /opt/devkitPro/devkitARM/lib/gcc/arm-eabi/4.3.3/../../../../arm-eabi/lib/thumb/libg.a(lib_a-locale.o)
 .vfp11_veneer  0x00000000        0x0 /opt/devkitPro/devkitARM/lib/gcc/arm-eabi/4.3.3/../../../../arm-eabi/lib/thumb/libg.a(lib_a-makebuf.o)
 .vfp11_veneer  0x00000000        0x0 /opt/devkitPro/devkitARM/lib/gcc/arm-eabi/4.3.3/../../../../arm-eabi/lib/thumb/libg.a(lib_a-mbrtowc.o)
 .vfp11_veneer  0x00000000        0x0 /opt/devkitPro/devkitARM/lib/gcc/arm-eabi/4.3.3/../../../../arm-eabi/lib/thumb/libg.a(lib_a-mbtowc_r.o)
 .vfp11_veneer  0x00000000        0x0 /opt/devkitPro/devkitARM/lib/gcc/arm-eabi/4.3.3/../../../../arm-eabi/lib/thumb/libg.a(lib_a-memchr.o)
 .vfp11_veneer  0x00000000        0x0 /opt/devkitPro/devkitARM/lib/gcc/arm-eabi/4.3.3/../../../../arm-eabi/lib/thumb/libg.a(lib_a-memmove.o)
 .vfp11_veneer  0x00000000        0x0 /opt/devkitPro/devkitARM/lib/gcc/arm-eabi/4.3.3/../../../../arm-eabi/lib/thumb/libg.a(lib_a-sccl.o)
 .vfp11_veneer  0x00000000        0x0 /opt/devkitPro/devkitARM/lib/gcc/arm-eabi/4.3.3/../../../../arm-eabi/lib/thumb/libg.a(lib_a-stdio.o)
 .vfp11_veneer  0x00000000        0x0 /opt/devkitPro/devkitARM/lib/gcc/arm-eabi/4.3.3/../../../../arm-eabi/lib/thumb/libg.a(lib_a-strcmp.o)
 .vfp11_veneer  0x00000000        0x0 /opt/devkitPro/devkitARM/lib/gcc/arm-eabi/4.3.3/../../../../arm-eabi/lib/thumb/libg.a(lib_a-strcpy.o)
 .vfp11_veneer  0x00000000        0x0 /opt/devkitPro/devkitARM/lib/gcc/arm-eabi/4.3.3/../../../../arm-eabi/lib/thumb/libg.a(lib_a-strtol.o)
 .vfp11_veneer  0x00000000        0x0 /opt/devkitPro/devkitARM/lib/gcc/arm-eabi/4.3.3/../../../../arm-eabi/lib/thumb/libg.a(lib_a-strtoul.o)
 .vfp11_veneer  0x00000000        0x0 /opt/devkitPro/devkitARM/lib/gcc/arm-eabi/4.3.3/../../../../arm-eabi/lib/thumb/libg.a(lib_a-fclose.o)
 .vfp11_veneer  0x00000000        0x0 /opt/devkitPro/devkitARM/lib/gcc/arm-eabi/4.3.3/../../../../arm-eabi/lib/thumb/libsysbase.a(iosupport.o)
 .vfp11_veneer  0x00000000        0x0 /opt/devkitPro/devkitARM/lib/gcc/arm-eabi/4.3.3/../../../../arm-eabi/lib/thumb/libsysbase.a(close.o)
 .vfp11_veneer  0x00000000        0x0 /opt/devkitPro/devkitARM/lib/gcc/arm-eabi/4.3.3/../../../../arm-eabi/lib/thumb/libsysbase.a(fstat.o)
 .vfp11_veneer  0x00000000        0x0 /opt/devkitPro/devkitARM/lib/gcc/arm-eabi/4.3.3/../../../../arm-eabi/lib/thumb/libsysbase.a(isatty.o)
 .vfp11_veneer  0x00000000        0x0 /opt/devkitPro/devkitARM/lib/gcc/arm-eabi/4.3.3/../../../../arm-eabi/lib/thumb/libsysbase.a(lseek.o)
 .vfp11_veneer  0x00000000        0x0 /opt/devkitPro/devkitARM/lib/gcc/arm-eabi/4.3.3/../../../../arm-eabi/lib/thumb/libsysbase.a(read.o)
 .vfp11_veneer  0x00000000        0x0 /opt/devkitPro/devkitARM/lib/gcc/arm-eabi/4.3.3/../../../../arm-eabi/lib/thumb/libsysbase.a(sbrk.o)
 .vfp11_veneer  0x00000000        0x0 /opt/devkitPro/devkitARM/lib/gcc/arm-eabi/4.3.3/../../../../arm-eabi/lib/thumb/libsysbase.a(times.o)
 .vfp11_veneer  0x00000000        0x0 /opt/devkitPro/devkitARM/lib/gcc/arm-eabi/4.3.3/../../../../arm-eabi/lib/thumb/libsysbase.a(write.o)
 .vfp11_veneer  0x00000000        0x0 /opt/devkitPro/devkitARM/lib/gcc/arm-eabi/4.3.3/../../../../arm-eabi/lib/thumb/libsysbase.a(malloc_vars.o)
 .vfp11_veneer  0x00000000        0x0 /opt/devkitPro/devkitARM/lib/gcc/arm-eabi/4.3.3/../../../../arm-eabi/lib/thumb/libsysbase.a(build_argv.o)
 .vfp11_veneer  0x00000000        0x0 /opt/devkitPro/devkitARM/lib/gcc/arm-eabi/4.3.3/../../../../arm-eabi/lib/thumb/libsysbase.a(handle_manager.o)
 .vfp11_veneer  0x00000000        0x0 /opt/devkitPro/devkitARM/lib/gcc/arm-eabi/4.3.3/thumb/libgcc.a(_udivsi3.o)
 .vfp11_veneer  0x00000000        0x0 /opt/devkitPro/devkitARM/lib/gcc/arm-eabi/4.3.3/thumb/libgcc.a(_dvmd_tls.o)
 .vfp11_veneer  0x00000000        0x0 /opt/devkitPro/devkitARM/lib/gcc/arm-eabi/4.3.3/../../../../arm-eabi/lib/thumb/libg.a(lib_a-errno.o)
 .vfp11_veneer  0x00000000        0x0 /opt/devkitPro/devkitARM/lib/gcc/arm-eabi/4.3.3/../../../../arm-eabi/lib/thumb/libg.a(lib_a-strncmp.o)
 .vfp11_veneer  0x00000000        0x0 /opt/devkitPro/devkitARM/lib/gcc/arm-eabi/4.3.3/thumb/crtend.o
 .vfp11_veneer  0x00000000        0x0 /opt/devkitPro/devkitARM/lib/gcc/arm-eabi/4.3.3/thumb/crtn.o

.v4_bx          0x00000000        0x0
 .v4_bx         0x00000000        0x0 /opt/devkitPro/devkitARM/lib/gcc/arm-eabi/4.3.3/../../../../arm-eabi/lib/thumb/ds_arm9_crt0.o
 .v4_bx         0x00000000        0x0 /opt/devkitPro/devkitARM/lib/gcc/arm-eabi/4.3.3/thumb/crti.o
 .v4_bx         0x00000000        0x0 /opt/devkitPro/devkitARM/lib/gcc/arm-eabi/4.3.3/thumb/crtbegin.o
 .v4_bx         0x00000000        0x0 soundbank.bin.o
 .v4_bx         0x00000000        0x0 main.o
 .v4_bx         0x00000000        0x0 /opt/devkitPro/libnds/lib/libnds9.a(console.o)
 .v4_bx         0x00000000        0x0 /opt/devkitPro/libnds/lib/libnds9.a(initSystem.o)
 .v4_bx         0x00000000        0x0 /opt/devkitPro/libnds/lib/libnds9.a(system.o)
 .v4_bx         0x00000000        0x0 /opt/devkitPro/libnds/lib/libnds9.a(video.o)
 .v4_bx         0x00000000        0x0 /opt/devkitPro/libnds/lib/libnds9.a(videoGL.o)
 .v4_bx         0x00000000        0x0 /opt/devkitPro/libnds/lib/libnds9.a(fifosystem.o)
 .v4_bx         0x00000000        0x0 /opt/devkitPro/libnds/lib/libnds9.a(interrupts.o)
 .v4_bx         0x00000000        0x0 /opt/devkitPro/libnds/lib/libnds9.a(biosCalls.o)
 .v4_bx         0x00000000        0x0 /opt/devkitPro/libnds/lib/libnds9.a(debugprint.o)
 .v4_bx         0x00000000        0x0 /opt/devkitPro/libnds/lib/libnds9.a(interruptDispatcher.o)
 .v4_bx         0x00000000        0x0 /opt/devkitPro/libnds/lib/libnds9.a(default_font.bin.o)
 .v4_bx         0x00000000        0x0 /opt/devkitPro/libnds/lib/libnds9.a(background.o)
 .v4_bx         0x00000000        0x0 /opt/devkitPro/libnds/lib/libnds9.a(trig.o)
 .v4_bx         0x00000000        0x0 /opt/devkitPro/devkitARM/lib/gcc/arm-eabi/4.3.3/thumb/libgcc.a(_muldi3.o)
 .v4_bx         0x00000000        0x0 /opt/devkitPro/devkitARM/lib/gcc/arm-eabi/4.3.3/../../../../arm-eabi/lib/thumb/libg.a(lib_a-bsearch.o)
 .v4_bx         0x00000000        0x0 /opt/devkitPro/devkitARM/lib/gcc/arm-eabi/4.3.3/../../../../arm-eabi/lib/thumb/libg.a(lib_a-impure.o)
 .v4_bx         0x00000000        0x0 /opt/devkitPro/devkitARM/lib/gcc/arm-eabi/4.3.3/../../../../arm-eabi/lib/thumb/libg.a(lib_a-init.o)
 .v4_bx         0x00000000        0x0 /opt/devkitPro/devkitARM/lib/gcc/arm-eabi/4.3.3/../../../../arm-eabi/lib/thumb/libg.a(lib_a-iprintf.o)
 .v4_bx         0x00000000        0x0 /opt/devkitPro/devkitARM/lib/gcc/arm-eabi/4.3.3/../../../../arm-eabi/lib/thumb/libg.a(lib_a-malloc.o)
 .v4_bx         0x00000000        0x0 /opt/devkitPro/devkitARM/lib/gcc/arm-eabi/4.3.3/../../../../arm-eabi/lib/thumb/libg.a(lib_a-mallocr.o)
 .v4_bx         0x00000000        0x0 /opt/devkitPro/devkitARM/lib/gcc/arm-eabi/4.3.3/../../../../arm-eabi/lib/thumb/libg.a(lib_a-memcpy.o)
 .v4_bx         0x00000000        0x0 /opt/devkitPro/devkitARM/lib/gcc/arm-eabi/4.3.3/../../../../arm-eabi/lib/thumb/libg.a(lib_a-memset.o)
 .v4_bx         0x00000000        0x0 /opt/devkitPro/devkitARM/lib/gcc/arm-eabi/4.3.3/../../../../arm-eabi/lib/thumb/libg.a(lib_a-mlock.o)
 .v4_bx         0x00000000        0x0 /opt/devkitPro/devkitARM/lib/gcc/arm-eabi/4.3.3/../../../../arm-eabi/lib/thumb/libg.a(lib_a-puts.o)
 .v4_bx         0x00000000        0x0 /opt/devkitPro/devkitARM/lib/gcc/arm-eabi/4.3.3/../../../../arm-eabi/lib/thumb/libg.a(lib_a-realloc.o)
 .v4_bx         0x00000000        0x0 /opt/devkitPro/devkitARM/lib/gcc/arm-eabi/4.3.3/../../../../arm-eabi/lib/thumb/libg.a(lib_a-reallocr.o)
 .v4_bx         0x00000000        0x0 /opt/devkitPro/devkitARM/lib/gcc/arm-eabi/4.3.3/../../../../arm-eabi/lib/thumb/libg.a(lib_a-setvbuf.o)
 .v4_bx         0x00000000        0x0 /opt/devkitPro/devkitARM/lib/gcc/arm-eabi/4.3.3/../../../../arm-eabi/lib/thumb/libg.a(lib_a-siscanf.o)
 .v4_bx         0x00000000        0x0 /opt/devkitPro/devkitARM/lib/gcc/arm-eabi/4.3.3/../../../../arm-eabi/lib/thumb/libg.a(lib_a-strlen.o)
 .v4_bx         0x00000000        0x0 /opt/devkitPro/devkitARM/lib/gcc/arm-eabi/4.3.3/../../../../arm-eabi/lib/thumb/libg.a(lib_a-svfiscanf.o)
 .v4_bx         0x00000000        0x0 /opt/devkitPro/devkitARM/lib/gcc/arm-eabi/4.3.3/../../../../arm-eabi/lib/thumb/libg.a(lib_a-ungetc.o)
 .v4_bx         0x00000000        0x0 /opt/devkitPro/devkitARM/lib/gcc/arm-eabi/4.3.3/../../../../arm-eabi/lib/thumb/libg.a(lib_a-vfiprintf.o)
 .v4_bx         0x00000000        0x0 /opt/devkitPro/devkitARM/lib/gcc/arm-eabi/4.3.3/../../../../arm-eabi/lib/thumb/libg.a(lib_a-wcrtomb.o)
 .v4_bx         0x00000000        0x0 /opt/devkitPro/devkitARM/lib/gcc/arm-eabi/4.3.3/../../../../arm-eabi/lib/thumb/libg.a(lib_a-wcsrtombs.o)
 .v4_bx         0x00000000        0x0 /opt/devkitPro/devkitARM/lib/gcc/arm-eabi/4.3.3/../../../../arm-eabi/lib/thumb/libg.a(lib_a-wctomb_r.o)
 .v4_bx         0x00000000        0x0 /opt/devkitPro/devkitARM/lib/gcc/arm-eabi/4.3.3/../../../../arm-eabi/lib/thumb/libg.a(lib_a-wsetup.o)
 .v4_bx         0x00000000        0x0 /opt/devkitPro/devkitARM/lib/gcc/arm-eabi/4.3.3/../../../../arm-eabi/lib/thumb/libg.a(lib_a-ctype_.o)
 .v4_bx         0x00000000        0x0 /opt/devkitPro/devkitARM/lib/gcc/arm-eabi/4.3.3/../../../../arm-eabi/lib/thumb/libg.a(lib_a-fflush.o)
 .v4_bx         0x00000000        0x0 /opt/devkitPro/devkitARM/lib/gcc/arm-eabi/4.3.3/../../../../arm-eabi/lib/thumb/libg.a(lib_a-findfp.o)
 .v4_bx         0x00000000        0x0 /opt/devkitPro/devkitARM/lib/gcc/arm-eabi/4.3.3/../../../../arm-eabi/lib/thumb/libg.a(lib_a-freer.o)
 .v4_bx         0x00000000        0x0 /opt/devkitPro/devkitARM/lib/gcc/arm-eabi/4.3.3/../../../../arm-eabi/lib/thumb/libg.a(lib_a-fvwrite.o)
 .v4_bx         0x00000000        0x0 /opt/devkitPro/devkitARM/lib/gcc/arm-eabi/4.3.3/../../../../arm-eabi/lib/thumb/libg.a(lib_a-fwalk.o)
 .v4_bx         0x00000000        0x0 /opt/devkitPro/devkitARM/lib/gcc/arm-eabi/4.3.3/../../../../arm-eabi/lib/thumb/libg.a(lib_a-iswspace.o)
 .v4_bx         0x00000000        0x0 /opt/devkitPro/devkitARM/lib/gcc/arm-eabi/4.3.3/../../../../arm-eabi/lib/thumb/libg.a(lib_a-jp2uc.o)
 .v4_bx         0x00000000        0x0 /opt/devkitPro/devkitARM/lib/gcc/arm-eabi/4.3.3/../../../../arm-eabi/lib/thumb/libg.a(lib_a-locale.o)
 .v4_bx         0x00000000        0x0 /opt/devkitPro/devkitARM/lib/gcc/arm-eabi/4.3.3/../../../../arm-eabi/lib/thumb/libg.a(lib_a-makebuf.o)
 .v4_bx         0x00000000        0x0 /opt/devkitPro/devkitARM/lib/gcc/arm-eabi/4.3.3/../../../../arm-eabi/lib/thumb/libg.a(lib_a-mbrtowc.o)
 .v4_bx         0x00000000        0x0 /opt/devkitPro/devkitARM/lib/gcc/arm-eabi/4.3.3/../../../../arm-eabi/lib/thumb/libg.a(lib_a-mbtowc_r.o)
 .v4_bx         0x00000000        0x0 /opt/devkitPro/devkitARM/lib/gcc/arm-eabi/4.3.3/../../../../arm-eabi/lib/thumb/libg.a(lib_a-memchr.o)
 .v4_bx         0x00000000        0x0 /opt/devkitPro/devkitARM/lib/gcc/arm-eabi/4.3.3/../../../../arm-eabi/lib/thumb/libg.a(lib_a-memmove.o)
 .v4_bx         0x00000000        0x0 /opt/devkitPro/devkitARM/lib/gcc/arm-eabi/4.3.3/../../../../arm-eabi/lib/thumb/libg.a(lib_a-sccl.o)
 .v4_bx         0x00000000        0x0 /opt/devkitPro/devkitARM/lib/gcc/arm-eabi/4.3.3/../../../../arm-eabi/lib/thumb/libg.a(lib_a-stdio.o)
 .v4_bx         0x00000000        0x0 /opt/devkitPro/devkitARM/lib/gcc/arm-eabi/4.3.3/../../../../arm-eabi/lib/thumb/libg.a(lib_a-strcmp.o)
 .v4_bx         0x00000000        0x0 /opt/devkitPro/devkitARM/lib/gcc/arm-eabi/4.3.3/../../../../arm-eabi/lib/thumb/libg.a(lib_a-strcpy.o)
 .v4_bx         0x00000000        0x0 /opt/devkitPro/devkitARM/lib/gcc/arm-eabi/4.3.3/../../../../arm-eabi/lib/thumb/libg.a(lib_a-strtol.o)
 .v4_bx         0x00000000        0x0 /opt/devkitPro/devkitARM/lib/gcc/arm-eabi/4.3.3/../../../../arm-eabi/lib/thumb/libg.a(lib_a-strtoul.o)
 .v4_bx         0x00000000        0x0 /opt/devkitPro/devkitARM/lib/gcc/arm-eabi/4.3.3/../../../../arm-eabi/lib/thumb/libg.a(lib_a-fclose.o)
 .v4_bx         0x00000000        0x0 /opt/devkitPro/devkitARM/lib/gcc/arm-eabi/4.3.3/../../../../arm-eabi/lib/thumb/libsysbase.a(iosupport.o)
 .v4_bx         0x00000000        0x0 /opt/devkitPro/devkitARM/lib/gcc/arm-eabi/4.3.3/../../../../arm-eabi/lib/thumb/libsysbase.a(close.o)
 .v4_bx         0x00000000        0x0 /opt/devkitPro/devkitARM/lib/gcc/arm-eabi/4.3.3/../../../../arm-eabi/lib/thumb/libsysbase.a(fstat.o)
 .v4_bx         0x00000000        0x0 /opt/devkitPro/devkitARM/lib/gcc/arm-eabi/4.3.3/../../../../arm-eabi/lib/thumb/libsysbase.a(isatty.o)
 .v4_bx         0x00000000        0x0 /opt/devkitPro/devkitARM/lib/gcc/arm-eabi/4.3.3/../../../../arm-eabi/lib/thumb/libsysbase.a(lseek.o)
 .v4_bx         0x00000000        0x0 /opt/devkitPro/devkitARM/lib/gcc/arm-eabi/4.3.3/../../../../arm-eabi/lib/thumb/libsysbase.a(read.o)
 .v4_bx         0x00000000        0x0 /opt/devkitPro/devkitARM/lib/gcc/arm-eabi/4.3.3/../../../../arm-eabi/lib/thumb/libsysbase.a(sbrk.o)
 .v4_bx         0x00000000        0x0 /opt/devkitPro/devkitARM/lib/gcc/arm-eabi/4.3.3/../../../../arm-eabi/lib/thumb/libsysbase.a(times.o)
 .v4_bx         0x00000000        0x0 /opt/devkitPro/devkitARM/lib/gcc/arm-eabi/4.3.3/../../../../arm-eabi/lib/thumb/libsysbase.a(write.o)
 .v4_bx         0x00000000        0x0 /opt/devkitPro/devkitARM/lib/gcc/arm-eabi/4.3.3/../../../../arm-eabi/lib/thumb/libsysbase.a(malloc_vars.o)
 .v4_bx         0x00000000        0x0 /opt/devkitPro/devkitARM/lib/gcc/arm-eabi/4.3.3/../../../../arm-eabi/lib/thumb/libsysbase.a(build_argv.o)
 .v4_bx         0x00000000        0x0 /opt/devkitPro/devkitARM/lib/gcc/arm-eabi/4.3.3/../../../../arm-eabi/lib/thumb/libsysbase.a(handle_manager.o)
 .v4_bx         0x00000000        0x0 /opt/devkitPro/devkitARM/lib/gcc/arm-eabi/4.3.3/thumb/libgcc.a(_udivsi3.o)
 .v4_bx         0x00000000        0x0 /opt/devkitPro/devkitARM/lib/gcc/arm-eabi/4.3.3/thumb/libgcc.a(_dvmd_tls.o)
 .v4_bx         0x00000000        0x0 /opt/devkitPro/devkitARM/lib/gcc/arm-eabi/4.3.3/../../../../arm-eabi/lib/thumb/libg.a(lib_a-errno.o)
 .v4_bx         0x00000000        0x0 /opt/devkitPro/devkitARM/lib/gcc/arm-eabi/4.3.3/../../../../arm-eabi/lib/thumb/libg.a(lib_a-strncmp.o)
 .v4_bx         0x00000000        0x0 /opt/devkitPro/devkitARM/lib/gcc/arm-eabi/4.3.3/thumb/crtend.o
 .v4_bx         0x00000000        0x0 /opt/devkitPro/devkitARM/lib/gcc/arm-eabi/4.3.3/thumb/crtn.o

.fini           0x02008924        0xc
 *(.fini)
 .fini          0x02008924        0x4 /opt/devkitPro/devkitARM/lib/gcc/arm-eabi/4.3.3/thumb/crti.o
                0x02008924                _fini
 .fini          0x02008928        0x8 /opt/devkitPro/devkitARM/lib/gcc/arm-eabi/4.3.3/thumb/crtn.o
                0x02008930                __text_end = .

.rodata         0x02008930     0x5f58
 *(.rodata)
 .rodata        0x02008930       0x14 main.o
 .rodata        0x02008944      0x18c /opt/devkitPro/libnds/lib/libnds9.a(console.o)
 .rodata        0x02008ad0       0x44 /opt/devkitPro/libnds/lib/libnds9.a(videoGL.o)
 .rodata        0x02008b14     0x2004 /opt/devkitPro/libnds/lib/libnds9.a(default_font.bin.o)
                0x0200ab14                default_font_bin_end
                0x0200ab14                default_font_bin_size
                0x02008b14                default_font_bin
 .rodata        0x0200ab18        0x4 /opt/devkitPro/devkitARM/lib/gcc/arm-eabi/4.3.3/../../../../arm-eabi/lib/thumb/libg.a(lib_a-impure.o)
                0x0200ab18                _global_impure_ptr
 .rodata        0x0200ab1c      0x340 /opt/devkitPro/devkitARM/lib/gcc/arm-eabi/4.3.3/../../../../arm-eabi/lib/thumb/libg.a(lib_a-svfiscanf.o)
 .rodata        0x0200ae5c      0x184 /opt/devkitPro/devkitARM/lib/gcc/arm-eabi/4.3.3/../../../../arm-eabi/lib/thumb/libg.a(lib_a-vfiprintf.o)
 .rodata        0x0200afe0      0x101 /opt/devkitPro/devkitARM/lib/gcc/arm-eabi/4.3.3/../../../../arm-eabi/lib/thumb/libg.a(lib_a-ctype_.o)
                0x0200afe0                _ctype_
 *fill*         0x0200b0e1        0x3 ff
 .rodata        0x0200b0e4     0x34ec /opt/devkitPro/devkitARM/lib/gcc/arm-eabi/4.3.3/../../../../arm-eabi/lib/thumb/libg.a(lib_a-jp2uc.o)
 .rodata        0x0200e5d0       0xb8 /opt/devkitPro/devkitARM/lib/gcc/arm-eabi/4.3.3/../../../../arm-eabi/lib/thumb/libg.a(lib_a-locale.o)
 .rodata        0x0200e688       0xa8 /opt/devkitPro/devkitARM/lib/gcc/arm-eabi/4.3.3/../../../../arm-eabi/lib/thumb/libg.a(lib_a-mbtowc_r.o)
 .rodata        0x0200e730       0x5c /opt/devkitPro/devkitARM/lib/gcc/arm-eabi/4.3.3/../../../../arm-eabi/lib/thumb/libsysbase.a(iosupport.o)
                0x0200e730                dotab_stdnull
 *all.rodata*(*)
 *(.roda)
 *(.rodata.*)
 .rodata.str1.4
                0x0200e78c       0x44 /opt/devkitPro/libnds/lib/libnds9.a(console.o)
 .rodata.str1.4
                0x0200e7d0        0x2 /opt/devkitPro/devkitARM/lib/gcc/arm-eabi/4.3.3/../../../../arm-eabi/lib/thumb/libg.a(lib_a-impure.o)
                                  0x4 (size before relaxing)
 *fill*         0x0200e7d2        0x2 ff
 .rodata.str1.4
                0x0200e7d4        0x2 /opt/devkitPro/devkitARM/lib/gcc/arm-eabi/4.3.3/../../../../arm-eabi/lib/thumb/libg.a(lib_a-puts.o)
                                  0x4 (size before relaxing)
 *fill*         0x0200e7d6        0x2 ff
 .rodata.str1.4
                0x0200e7d8       0x4a /opt/devkitPro/devkitARM/lib/gcc/arm-eabi/4.3.3/../../../../arm-eabi/lib/thumb/libg.a(lib_a-vfiprintf.o)
                                 0x4c (size before relaxing)
 *fill*         0x0200e822        0x2 ff
 .rodata.str1.4
                0x0200e824       0x1e /opt/devkitPro/devkitARM/lib/gcc/arm-eabi/4.3.3/../../../../arm-eabi/lib/thumb/libg.a(lib_a-wctomb_r.o)
                                 0x20 (size before relaxing)
 .rodata.str1.4
                0x00000000       0x20 /opt/devkitPro/devkitARM/lib/gcc/arm-eabi/4.3.3/../../../../arm-eabi/lib/thumb/libg.a(lib_a-iswspace.o)
 *fill*         0x0200e842        0x2 ff
 .rodata.str1.4
                0x0200e844       0x3a /opt/devkitPro/devkitARM/lib/gcc/arm-eabi/4.3.3/../../../../arm-eabi/lib/thumb/libg.a(lib_a-locale.o)
                                 0x64 (size before relaxing)
 .rodata.str1.4
                0x00000000        0x4 /opt/devkitPro/devkitARM/lib/gcc/arm-eabi/4.3.3/../../../../arm-eabi/lib/thumb/libg.a(lib_a-mbrtowc.o)
 .rodata.str1.4
                0x00000000       0x20 /opt/devkitPro/devkitARM/lib/gcc/arm-eabi/4.3.3/../../../../arm-eabi/lib/thumb/libg.a(lib_a-mbtowc_r.o)
 *fill*         0x0200e87e        0x2 ff
 .rodata.str1.4
                0x0200e880        0x8 /opt/devkitPro/devkitARM/lib/gcc/arm-eabi/4.3.3/../../../../arm-eabi/lib/thumb/libsysbase.a(iosupport.o)
 *(.gnu.linkonce.r*)
                0x0200e888                . = ALIGN (0x4)

.ARM.extab
 *(.ARM.extab* .gnu.linkonce.armextab.*)
                0x0200e888                __exidx_start = .

.ARM.exidx
 *(.ARM.exidx* .gnu.linkonce.armexidx.*)
                0x0200e888                __exidx_end = .
                0x0200e888                . = ALIGN (0x4)
                0x0200e888                PROVIDE (__preinit_array_start, .)

.preinit_array
 *(.preinit_array)
                0x0200e888                PROVIDE (__preinit_array_end, .)
                0x0200e888                PROVIDE (__init_array_start, .)

.init_array     0x0200e888        0x4
 *(.init_array)
 .init_array    0x0200e888        0x4 /opt/devkitPro/devkitARM/lib/gcc/arm-eabi/4.3.3/thumb/crtbegin.o
                0x0200e88c                PROVIDE (__init_array_end, .)
                0x0200e88c                PROVIDE (__fini_array_start, .)

.fini_array     0x0200e88c        0x4
 *(.fini_array)
 .fini_array    0x0200e88c        0x4 /opt/devkitPro/devkitARM/lib/gcc/arm-eabi/4.3.3/thumb/crtbegin.o
                0x0200e890                PROVIDE (__fini_array_end, .)

.ctors          0x0200e890        0x0
 *crtbegin.o(.ctors)
 *(EXCLUDE_FILE(*crtend.o) .ctors)
 *(SORT(.ctors.*))
 *(.ctors)
                0x0200e890                . = ALIGN (0x4)

.dtors          0x0200e890        0x0
 *crtbegin.o(.dtors)
 *(EXCLUDE_FILE(*crtend.o) .dtors)
 *(SORT(.dtors.*))
 *(.dtors)
                0x0200e890                . = ALIGN (0x4)

.eh_frame       0x0200e890        0x4
 *(.eh_frame)
 .eh_frame      0x0200e890        0x0 /opt/devkitPro/devkitARM/lib/gcc/arm-eabi/4.3.3/thumb/crtbegin.o
 .eh_frame      0x0200e890        0x4 /opt/devkitPro/devkitARM/lib/gcc/arm-eabi/4.3.3/thumb/crtend.o
                0x0200e894                . = ALIGN (0x4)

.gcc_except_table
                0x0200e894        0x0
 *(.gcc_except_table)
                0x0200e894                . = ALIGN (0x4)

.jcr            0x0200e894        0x4
 *(.jcr)
 .jcr           0x0200e894        0x0 /opt/devkitPro/devkitARM/lib/gcc/arm-eabi/4.3.3/thumb/crtbegin.o
 .jcr           0x0200e894        0x4 /opt/devkitPro/devkitARM/lib/gcc/arm-eabi/4.3.3/thumb/crtend.o

.got
 *(.got.plt)
 *(.got)
 *(.rel.got)

.ewram          0x0200e898        0x0
                0x0200e898                __ewram_start = ABSOLUTE (.)
 *(.ewram)
 *ewram.*(.text)
                0x0200e898                . = ALIGN (0x4)

.data           0x0200e898      0xc9c
                0x0200e898                __data_start = ABSOLUTE (.)
 *(.data)
 .data          0x0200e898        0x0 /opt/devkitPro/devkitARM/lib/gcc/arm-eabi/4.3.3/../../../../arm-eabi/lib/thumb/ds_arm9_crt0.o
 .data          0x0200e898        0x0 /opt/devkitPro/devkitARM/lib/gcc/arm-eabi/4.3.3/thumb/crti.o
 .data          0x0200e898        0x4 /opt/devkitPro/devkitARM/lib/gcc/arm-eabi/4.3.3/thumb/crtbegin.o
                0x0200e898                __dso_handle
 .data          0x0200e89c        0x0 soundbank.bin.o
 .data          0x0200e89c        0x4 main.o
 .data          0x0200e8a0       0x64 /opt/devkitPro/libnds/lib/libnds9.a(console.o)
                0x0200e8a0                defaultConsole
                0x0200e8fc                currentConsole
 .data          0x0200e904        0x0 /opt/devkitPro/libnds/lib/libnds9.a(initSystem.o)
 .data          0x0200e904        0x0 /opt/devkitPro/libnds/lib/libnds9.a(system.o)
 .data          0x0200e904        0x0 /opt/devkitPro/libnds/lib/libnds9.a(video.o)
 .data          0x0200e904        0x4 /opt/devkitPro/libnds/lib/libnds9.a(videoGL.o)
 .data          0x0200e908        0x0 /opt/devkitPro/libnds/lib/libnds9.a(fifosystem.o)
 .data          0x0200e908        0x0 /opt/devkitPro/libnds/lib/libnds9.a(interrupts.o)
 .data          0x0200e908        0x0 /opt/devkitPro/libnds/lib/libnds9.a(biosCalls.o)
 .data          0x0200e908        0x0 /opt/devkitPro/libnds/lib/libnds9.a(debugprint.o)
 .data          0x0200e908        0x0 /opt/devkitPro/libnds/lib/libnds9.a(interruptDispatcher.o)
 .data          0x0200e908        0x0 /opt/devkitPro/libnds/lib/libnds9.a(default_font.bin.o)
 .data          0x0200e908       0x60 /opt/devkitPro/libnds/lib/libnds9.a(background.o)
                0x0200e908                bgControl
                0x0200e948                bgTransform
                0x0200e928                bgScrollTable
 .data          0x0200e968      0x308 /opt/devkitPro/libnds/lib/libnds9.a(trig.o)
                0x0200e968                SIN_LUT
                0x0200ea6c                TAN_LUT
 .data          0x0200ec70        0x0 /opt/devkitPro/devkitARM/lib/gcc/arm-eabi/4.3.3/thumb/libgcc.a(_muldi3.o)
 .data          0x0200ec70        0x0 /opt/devkitPro/devkitARM/lib/gcc/arm-eabi/4.3.3/../../../../arm-eabi/lib/thumb/libg.a(lib_a-bsearch.o)
 .data          0x0200ec70      0x430 /opt/devkitPro/devkitARM/lib/gcc/arm-eabi/4.3.3/../../../../arm-eabi/lib/thumb/libg.a(lib_a-impure.o)
                0x0200ec70                _impure_ptr
 .data          0x0200f0a0        0x0 /opt/devkitPro/devkitARM/lib/gcc/arm-eabi/4.3.3/../../../../arm-eabi/lib/thumb/libg.a(lib_a-init.o)
 .data          0x0200f0a0        0x0 /opt/devkitPro/devkitARM/lib/gcc/arm-eabi/4.3.3/../../../../arm-eabi/lib/thumb/libg.a(lib_a-iprintf.o)
 .data          0x0200f0a0        0x0 /opt/devkitPro/devkitARM/lib/gcc/arm-eabi/4.3.3/../../../../arm-eabi/lib/thumb/libg.a(lib_a-malloc.o)
 .data          0x0200f0a0      0x410 /opt/devkitPro/devkitARM/lib/gcc/arm-eabi/4.3.3/../../../../arm-eabi/lib/thumb/libg.a(lib_a-mallocr.o)
                0x0200f4ac                __malloc_sbrk_base
                0x0200f0a0                __malloc_av_
                0x0200f4a8                __malloc_trim_threshold
 .data          0x0200f4b0        0x0 /opt/devkitPro/devkitARM/lib/gcc/arm-eabi/4.3.3/../../../../arm-eabi/lib/thumb/libg.a(lib_a-memcpy.o)
 .data          0x0200f4b0        0x0 /opt/devkitPro/devkitARM/lib/gcc/arm-eabi/4.3.3/../../../../arm-eabi/lib/thumb/libg.a(lib_a-memset.o)
 .data          0x0200f4b0        0x0 /opt/devkitPro/devkitARM/lib/gcc/arm-eabi/4.3.3/../../../../arm-eabi/lib/thumb/libg.a(lib_a-mlock.o)
 .data          0x0200f4b0        0x0 /opt/devkitPro/devkitARM/lib/gcc/arm-eabi/4.3.3/../../../../arm-eabi/lib/thumb/libg.a(lib_a-puts.o)
 .data          0x0200f4b0        0x0 /opt/devkitPro/devkitARM/lib/gcc/arm-eabi/4.3.3/../../../../arm-eabi/lib/thumb/libg.a(lib_a-realloc.o)
 .data          0x0200f4b0        0x0 /opt/devkitPro/devkitARM/lib/gcc/arm-eabi/4.3.3/../../../../arm-eabi/lib/thumb/libg.a(lib_a-reallocr.o)
 .data          0x0200f4b0        0x0 /opt/devkitPro/devkitARM/lib/gcc/arm-eabi/4.3.3/../../../../arm-eabi/lib/thumb/libg.a(lib_a-setvbuf.o)
 .data          0x0200f4b0        0x0 /opt/devkitPro/devkitARM/lib/gcc/arm-eabi/4.3.3/../../../../arm-eabi/lib/thumb/libg.a(lib_a-siscanf.o)
 .data          0x0200f4b0        0x0 /opt/devkitPro/devkitARM/lib/gcc/arm-eabi/4.3.3/../../../../arm-eabi/lib/thumb/libg.a(lib_a-strlen.o)
 .data          0x0200f4b0        0x0 /opt/devkitPro/devkitARM/lib/gcc/arm-eabi/4.3.3/../../../../arm-eabi/lib/thumb/libg.a(lib_a-svfiscanf.o)
 .data          0x0200f4b0        0x0 /opt/devkitPro/devkitARM/lib/gcc/arm-eabi/4.3.3/../../../../arm-eabi/lib/thumb/libg.a(lib_a-ungetc.o)
 .data          0x0200f4b0        0x0 /opt/devkitPro/devkitARM/lib/gcc/arm-eabi/4.3.3/../../../../arm-eabi/lib/thumb/libg.a(lib_a-vfiprintf.o)
 .data          0x0200f4b0        0x0 /opt/devkitPro/devkitARM/lib/gcc/arm-eabi/4.3.3/../../../../arm-eabi/lib/thumb/libg.a(lib_a-wcrtomb.o)
 .data          0x0200f4b0        0x0 /opt/devkitPro/devkitARM/lib/gcc/arm-eabi/4.3.3/../../../../arm-eabi/lib/thumb/libg.a(lib_a-wcsrtombs.o)
 .data          0x0200f4b0        0x0 /opt/devkitPro/devkitARM/lib/gcc/arm-eabi/4.3.3/../../../../arm-eabi/lib/thumb/libg.a(lib_a-wctomb_r.o)
 .data          0x0200f4b0        0x0 /opt/devkitPro/devkitARM/lib/gcc/arm-eabi/4.3.3/../../../../arm-eabi/lib/thumb/libg.a(lib_a-wsetup.o)
 .data          0x0200f4b0        0x8 /opt/devkitPro/devkitARM/lib/gcc/arm-eabi/4.3.3/../../../../arm-eabi/lib/thumb/libg.a(lib_a-ctype_.o)
                0x0200f4b0                __ctype_ptr
                0x0200f4b4                __ctype_ptr__
 .data          0x0200f4b8        0x0 /opt/devkitPro/devkitARM/lib/gcc/arm-eabi/4.3.3/../../../../arm-eabi/lib/thumb/libg.a(lib_a-fflush.o)
 .data          0x0200f4b8        0x0 /opt/devkitPro/devkitARM/lib/gcc/arm-eabi/4.3.3/../../../../arm-eabi/lib/thumb/libg.a(lib_a-findfp.o)
 .data          0x0200f4b8        0x0 /opt/devkitPro/devkitARM/lib/gcc/arm-eabi/4.3.3/../../../../arm-eabi/lib/thumb/libg.a(lib_a-freer.o)
 .data          0x0200f4b8        0x0 /opt/devkitPro/devkitARM/lib/gcc/arm-eabi/4.3.3/../../../../arm-eabi/lib/thumb/libg.a(lib_a-fvwrite.o)
 .data          0x0200f4b8        0x0 /opt/devkitPro/devkitARM/lib/gcc/arm-eabi/4.3.3/../../../../arm-eabi/lib/thumb/libg.a(lib_a-fwalk.o)
 .data          0x0200f4b8        0x0 /opt/devkitPro/devkitARM/lib/gcc/arm-eabi/4.3.3/../../../../arm-eabi/lib/thumb/libg.a(lib_a-iswspace.o)
 .data          0x0200f4b8        0x0 /opt/devkitPro/devkitARM/lib/gcc/arm-eabi/4.3.3/../../../../arm-eabi/lib/thumb/libg.a(lib_a-jp2uc.o)
 .data          0x0200f4b8       0x38 /opt/devkitPro/devkitARM/lib/gcc/arm-eabi/4.3.3/../../../../arm-eabi/lib/thumb/libg.a(lib_a-locale.o)
                0x0200f4b8                __mb_cur_max
                0x0200f4bc                __lc_ctype
 .data          0x0200f4f0        0x0 /opt/devkitPro/devkitARM/lib/gcc/arm-eabi/4.3.3/../../../../arm-eabi/lib/thumb/libg.a(lib_a-makebuf.o)
 .data          0x0200f4f0        0x0 /opt/devkitPro/devkitARM/lib/gcc/arm-eabi/4.3.3/../../../../arm-eabi/lib/thumb/libg.a(lib_a-mbrtowc.o)
 .data          0x0200f4f0        0x0 /opt/devkitPro/devkitARM/lib/gcc/arm-eabi/4.3.3/../../../../arm-eabi/lib/thumb/libg.a(lib_a-mbtowc_r.o)
 .data          0x0200f4f0        0x0 /opt/devkitPro/devkitARM/lib/gcc/arm-eabi/4.3.3/../../../../arm-eabi/lib/thumb/libg.a(lib_a-memchr.o)
 .data          0x0200f4f0        0x0 /opt/devkitPro/devkitARM/lib/gcc/arm-eabi/4.3.3/../../../../arm-eabi/lib/thumb/libg.a(lib_a-memmove.o)
 .data          0x0200f4f0        0x0 /opt/devkitPro/devkitARM/lib/gcc/arm-eabi/4.3.3/../../../../arm-eabi/lib/thumb/libg.a(lib_a-sccl.o)
 .data          0x0200f4f0        0x0 /opt/devkitPro/devkitARM/lib/gcc/arm-eabi/4.3.3/../../../../arm-eabi/lib/thumb/libg.a(lib_a-stdio.o)
 .data          0x0200f4f0        0x0 /opt/devkitPro/devkitARM/lib/gcc/arm-eabi/4.3.3/../../../../arm-eabi/lib/thumb/libg.a(lib_a-strcmp.o)
 .data          0x0200f4f0        0x0 /opt/devkitPro/devkitARM/lib/gcc/arm-eabi/4.3.3/../../../../arm-eabi/lib/thumb/libg.a(lib_a-strcpy.o)
 .data          0x0200f4f0        0x0 /opt/devkitPro/devkitARM/lib/gcc/arm-eabi/4.3.3/../../../../arm-eabi/lib/thumb/libg.a(lib_a-strtol.o)
 .data          0x0200f4f0        0x0 /opt/devkitPro/devkitARM/lib/gcc/arm-eabi/4.3.3/../../../../arm-eabi/lib/thumb/libg.a(lib_a-strtoul.o)
 .data          0x0200f4f0        0x0 /opt/devkitPro/devkitARM/lib/gcc/arm-eabi/4.3.3/../../../../arm-eabi/lib/thumb/libg.a(lib_a-fclose.o)
 .data          0x0200f4f0       0x44 /opt/devkitPro/devkitARM/lib/gcc/arm-eabi/4.3.3/../../../../arm-eabi/lib/thumb/libsysbase.a(iosupport.o)
                0x0200f4f0                devoptab_list
 .data          0x0200f534        0x0 /opt/devkitPro/devkitARM/lib/gcc/arm-eabi/4.3.3/../../../../arm-eabi/lib/thumb/libsysbase.a(close.o)
 .data          0x0200f534        0x0 /opt/devkitPro/devkitARM/lib/gcc/arm-eabi/4.3.3/../../../../arm-eabi/lib/thumb/libsysbase.a(fstat.o)
 .data          0x0200f534        0x0 /opt/devkitPro/devkitARM/lib/gcc/arm-eabi/4.3.3/../../../../arm-eabi/lib/thumb/libsysbase.a(isatty.o)
 .data          0x0200f534        0x0 /opt/devkitPro/devkitARM/lib/gcc/arm-eabi/4.3.3/../../../../arm-eabi/lib/thumb/libsysbase.a(lseek.o)
 .data          0x0200f534        0x0 /opt/devkitPro/devkitARM/lib/gcc/arm-eabi/4.3.3/../../../../arm-eabi/lib/thumb/libsysbase.a(read.o)
 .data          0x0200f534        0x0 /opt/devkitPro/devkitARM/lib/gcc/arm-eabi/4.3.3/../../../../arm-eabi/lib/thumb/libsysbase.a(sbrk.o)
 .data          0x0200f534        0x0 /opt/devkitPro/devkitARM/lib/gcc/arm-eabi/4.3.3/../../../../arm-eabi/lib/thumb/libsysbase.a(times.o)
 .data          0x0200f534        0x0 /opt/devkitPro/devkitARM/lib/gcc/arm-eabi/4.3.3/../../../../arm-eabi/lib/thumb/libsysbase.a(write.o)
 .data          0x0200f534        0x0 /opt/devkitPro/devkitARM/lib/gcc/arm-eabi/4.3.3/../../../../arm-eabi/lib/thumb/libsysbase.a(malloc_vars.o)
 .data          0x0200f534        0x0 /opt/devkitPro/devkitARM/lib/gcc/arm-eabi/4.3.3/../../../../arm-eabi/lib/thumb/libsysbase.a(build_argv.o)
 .data          0x0200f534        0x0 /opt/devkitPro/devkitARM/lib/gcc/arm-eabi/4.3.3/../../../../arm-eabi/lib/thumb/libsysbase.a(handle_manager.o)
 .data          0x0200f534        0x0 /opt/devkitPro/devkitARM/lib/gcc/arm-eabi/4.3.3/thumb/libgcc.a(_udivsi3.o)
 .data          0x0200f534        0x0 /opt/devkitPro/devkitARM/lib/gcc/arm-eabi/4.3.3/thumb/libgcc.a(_dvmd_tls.o)
 .data          0x0200f534        0x0 /opt/devkitPro/devkitARM/lib/gcc/arm-eabi/4.3.3/../../../../arm-eabi/lib/thumb/libg.a(lib_a-errno.o)
 .data          0x0200f534        0x0 /opt/devkitPro/devkitARM/lib/gcc/arm-eabi/4.3.3/../../../../arm-eabi/lib/thumb/libg.a(lib_a-strncmp.o)
 .data          0x0200f534        0x0 /opt/devkitPro/devkitARM/lib/gcc/arm-eabi/4.3.3/thumb/crtend.o
 .data          0x0200f534        0x0 /opt/devkitPro/devkitARM/lib/gcc/arm-eabi/4.3.3/thumb/crtn.o
 *(.data.*)
 *(.gnu.linkonce.d*)
                0x0200f534                . = ALIGN (0x4)
                0x0200f534                __data_end = ABSOLUTE (.)
                0x0200f534                __dtcm_lma = .
                0x0200f534                __bss_vma = .

.dtcm           0x0b000000        0x0 load address 0x0200f534
 *(.dtcm)
 *(.dtcm.*)
                0x0b000000                . = ALIGN (0x4)
                0x0b000000                __dtcm_end = ABSOLUTE (.)
                0x0200f534                __itcm_lma = (__dtcm_lma + SIZEOF (.dtcm))

.itcm           0x01000100      0x190 load address 0x0200f534
 *(.itcm)
 .itcm          0x01000100       0xc8 /opt/devkitPro/libnds/lib/libnds9.a(interrupts.o)
                0x01000100                irqTable
 .itcm          0x010001c8       0xc8 /opt/devkitPro/libnds/lib/libnds9.a(interruptDispatcher.o)
                0x010001c8                IntrMain
 *itcm.*(.text)
                0x01000290                . = ALIGN (0x4)
                0x01000290                __itcm_end = ABSOLUTE (.)
                0x0200f6c4                __vectors_lma = (__itcm_lma + SIZEOF (.itcm))

.vectors        0x01000000        0x0 load address 0x0200f6c4
 *(.vectors)
 *vectors.*(.text)
                0x01000000                . = ALIGN (0x4)
                0x01000000                __vectors_end = ABSOLUTE (.)

.sbss           0x0b000000        0x0
                0x0b000000                __sbss_start = ABSOLUTE (.)
                0x0b000000                __sbss_start__ = ABSOLUTE (.)
 *(.sbss)
                0x0b000000                . = ALIGN (0x4)
                0x0b000000                __sbss_end = ABSOLUTE (.)

.bss            0x0200f534     0x4464
                0x0200f534                __bss_start = ABSOLUTE (.)
                0x0200f534                __bss_start__ = ABSOLUTE (.)
 *(.dynbss)
 *(.gnu.linkonce.b*)
 *(.bss*)
 .bss           0x0200f534        0x0 /opt/devkitPro/devkitARM/lib/gcc/arm-eabi/4.3.3/../../../../arm-eabi/lib/thumb/ds_arm9_crt0.o
 .bss           0x0200f534        0x0 /opt/devkitPro/devkitARM/lib/gcc/arm-eabi/4.3.3/thumb/crti.o
 .bss           0x0200f534       0x1c /opt/devkitPro/devkitARM/lib/gcc/arm-eabi/4.3.3/thumb/crtbegin.o
 .bss           0x0200f550        0x0 soundbank.bin.o
 .bss           0x0200f550        0x0 main.o
 .bss           0x0200f550        0x0 /opt/devkitPro/libnds/lib/libnds9.a(console.o)
 .bss           0x0200f550        0x0 /opt/devkitPro/libnds/lib/libnds9.a(initSystem.o)
 .bss           0x0200f550        0x0 /opt/devkitPro/libnds/lib/libnds9.a(system.o)
 .bss           0x0200f550        0x0 /opt/devkitPro/libnds/lib/libnds9.a(video.o)
 .bss           0x0200f550        0x8 /opt/devkitPro/libnds/lib/libnds9.a(videoGL.o)
 .bss           0x0200f558       0x14 /opt/devkitPro/libnds/lib/libnds9.a(fifosystem.o)
                0x0200f568                fifo_lost_words
                0x0200f564                fifo_recv_status
                0x0200f558                fifo_initialized
                0x0200f560                fifo_send_status
                0x0200f55c                fifo_protect_levels
 .bss           0x0200f56c        0x0 /opt/devkitPro/libnds/lib/libnds9.a(interrupts.o)
 .bss           0x0200f56c        0x0 /opt/devkitPro/libnds/lib/libnds9.a(biosCalls.o)
 .bss           0x0200f56c        0x0 /opt/devkitPro/libnds/lib/libnds9.a(debugprint.o)
 .bss           0x0200f56c        0x0 /opt/devkitPro/libnds/lib/libnds9.a(interruptDispatcher.o)
 .bss           0x0200f56c        0x0 /opt/devkitPro/libnds/lib/libnds9.a(default_font.bin.o)
 .bss           0x0200f56c        0x0 /opt/devkitPro/libnds/lib/libnds9.a(background.o)
 .bss           0x0200f56c        0x0 /opt/devkitPro/libnds/lib/libnds9.a(trig.o)
 .bss           0x0200f56c        0x0 /opt/devkitPro/devkitARM/lib/gcc/arm-eabi/4.3.3/thumb/libgcc.a(_muldi3.o)
 .bss           0x0200f56c        0x0 /opt/devkitPro/devkitARM/lib/gcc/arm-eabi/4.3.3/../../../../arm-eabi/lib/thumb/libg.a(lib_a-bsearch.o)
 .bss           0x0200f56c        0x0 /opt/devkitPro/devkitARM/lib/gcc/arm-eabi/4.3.3/../../../../arm-eabi/lib/thumb/libg.a(lib_a-impure.o)
 .bss           0x0200f56c        0x0 /opt/devkitPro/devkitARM/lib/gcc/arm-eabi/4.3.3/../../../../arm-eabi/lib/thumb/libg.a(lib_a-init.o)
 .bss           0x0200f56c        0x0 /opt/devkitPro/devkitARM/lib/gcc/arm-eabi/4.3.3/../../../../arm-eabi/lib/thumb/libg.a(lib_a-iprintf.o)
 .bss           0x0200f56c        0x0 /opt/devkitPro/devkitARM/lib/gcc/arm-eabi/4.3.3/../../../../arm-eabi/lib/thumb/libg.a(lib_a-malloc.o)
 .bss           0x0200f56c       0x34 /opt/devkitPro/devkitARM/lib/gcc/arm-eabi/4.3.3/../../../../arm-eabi/lib/thumb/libg.a(lib_a-mallocr.o)
                0x0200f56c                __malloc_top_pad
                0x0200f570                __malloc_max_sbrked_mem
                0x0200f578                __malloc_current_mallinfo
                0x0200f574                __malloc_max_total_mem
 .bss           0x0200f5a0        0x0 /opt/devkitPro/devkitARM/lib/gcc/arm-eabi/4.3.3/../../../../arm-eabi/lib/thumb/libg.a(lib_a-memcpy.o)
 .bss           0x0200f5a0        0x0 /opt/devkitPro/devkitARM/lib/gcc/arm-eabi/4.3.3/../../../../arm-eabi/lib/thumb/libg.a(lib_a-memset.o)
 .bss           0x0200f5a0        0x0 /opt/devkitPro/devkitARM/lib/gcc/arm-eabi/4.3.3/../../../../arm-eabi/lib/thumb/libg.a(lib_a-mlock.o)
 .bss           0x0200f5a0        0x0 /opt/devkitPro/devkitARM/lib/gcc/arm-eabi/4.3.3/../../../../arm-eabi/lib/thumb/libg.a(lib_a-puts.o)
 .bss           0x0200f5a0        0x0 /opt/devkitPro/devkitARM/lib/gcc/arm-eabi/4.3.3/../../../../arm-eabi/lib/thumb/libg.a(lib_a-realloc.o)
 .bss           0x0200f5a0        0x0 /opt/devkitPro/devkitARM/lib/gcc/arm-eabi/4.3.3/../../../../arm-eabi/lib/thumb/libg.a(lib_a-reallocr.o)
 .bss           0x0200f5a0        0x0 /opt/devkitPro/devkitARM/lib/gcc/arm-eabi/4.3.3/../../../../arm-eabi/lib/thumb/libg.a(lib_a-setvbuf.o)
 .bss           0x0200f5a0        0x0 /opt/devkitPro/devkitARM/lib/gcc/arm-eabi/4.3.3/../../../../arm-eabi/lib/thumb/libg.a(lib_a-siscanf.o)
 .bss           0x0200f5a0        0x0 /opt/devkitPro/devkitARM/lib/gcc/arm-eabi/4.3.3/../../../../arm-eabi/lib/thumb/libg.a(lib_a-strlen.o)
 .bss           0x0200f5a0        0x0 /opt/devkitPro/devkitARM/lib/gcc/arm-eabi/4.3.3/../../../../arm-eabi/lib/thumb/libg.a(lib_a-svfiscanf.o)
 .bss           0x0200f5a0        0x0 /opt/devkitPro/devkitARM/lib/gcc/arm-eabi/4.3.3/../../../../arm-eabi/lib/thumb/libg.a(lib_a-ungetc.o)
 .bss           0x0200f5a0        0x0 /opt/devkitPro/devkitARM/lib/gcc/arm-eabi/4.3.3/../../../../arm-eabi/lib/thumb/libg.a(lib_a-vfiprintf.o)
 .bss           0x0200f5a0        0x0 /opt/devkitPro/devkitARM/lib/gcc/arm-eabi/4.3.3/../../../../arm-eabi/lib/thumb/libg.a(lib_a-wcrtomb.o)
 .bss           0x0200f5a0        0x0 /opt/devkitPro/devkitARM/lib/gcc/arm-eabi/4.3.3/../../../../arm-eabi/lib/thumb/libg.a(lib_a-wcsrtombs.o)
 .bss           0x0200f5a0        0x0 /opt/devkitPro/devkitARM/lib/gcc/arm-eabi/4.3.3/../../../../arm-eabi/lib/thumb/libg.a(lib_a-wctomb_r.o)
 .bss           0x0200f5a0        0x0 /opt/devkitPro/devkitARM/lib/gcc/arm-eabi/4.3.3/../../../../arm-eabi/lib/thumb/libg.a(lib_a-wsetup.o)
 .bss           0x0200f5a0        0x0 /opt/devkitPro/devkitARM/lib/gcc/arm-eabi/4.3.3/../../../../arm-eabi/lib/thumb/libg.a(lib_a-ctype_.o)
 .bss           0x0200f5a0        0x0 /opt/devkitPro/devkitARM/lib/gcc/arm-eabi/4.3.3/../../../../arm-eabi/lib/thumb/libg.a(lib_a-fflush.o)
 .bss           0x0200f5a0        0x0 /opt/devkitPro/devkitARM/lib/gcc/arm-eabi/4.3.3/../../../../arm-eabi/lib/thumb/libg.a(lib_a-findfp.o)
 .bss           0x0200f5a0        0x0 /opt/devkitPro/devkitARM/lib/gcc/arm-eabi/4.3.3/../../../../arm-eabi/lib/thumb/libg.a(lib_a-freer.o)
 .bss           0x0200f5a0        0x0 /opt/devkitPro/devkitARM/lib/gcc/arm-eabi/4.3.3/../../../../arm-eabi/lib/thumb/libg.a(lib_a-fvwrite.o)
 .bss           0x0200f5a0        0x0 /opt/devkitPro/devkitARM/lib/gcc/arm-eabi/4.3.3/../../../../arm-eabi/lib/thumb/libg.a(lib_a-fwalk.o)
 .bss           0x0200f5a0        0x0 /opt/devkitPro/devkitARM/lib/gcc/arm-eabi/4.3.3/../../../../arm-eabi/lib/thumb/libg.a(lib_a-iswspace.o)
 .bss           0x0200f5a0        0x0 /opt/devkitPro/devkitARM/lib/gcc/arm-eabi/4.3.3/../../../../arm-eabi/lib/thumb/libg.a(lib_a-jp2uc.o)
 .bss           0x0200f5a0        0xc /opt/devkitPro/devkitARM/lib/gcc/arm-eabi/4.3.3/../../../../arm-eabi/lib/thumb/libg.a(lib_a-locale.o)
                0x0200f5a0                __nlocale_changed
                0x0200f5a4                __mlocale_changed
                0x0200f5a8                _PathLocale
 .bss           0x0200f5ac        0x0 /opt/devkitPro/devkitARM/lib/gcc/arm-eabi/4.3.3/../../../../arm-eabi/lib/thumb/libg.a(lib_a-makebuf.o)
 .bss           0x0200f5ac        0x0 /opt/devkitPro/devkitARM/lib/gcc/arm-eabi/4.3.3/../../../../arm-eabi/lib/thumb/libg.a(lib_a-mbrtowc.o)
 .bss           0x0200f5ac        0x0 /opt/devkitPro/devkitARM/lib/gcc/arm-eabi/4.3.3/../../../../arm-eabi/lib/thumb/libg.a(lib_a-mbtowc_r.o)
 .bss           0x0200f5ac        0x0 /opt/devkitPro/devkitARM/lib/gcc/arm-eabi/4.3.3/../../../../arm-eabi/lib/thumb/libg.a(lib_a-memchr.o)
 .bss           0x0200f5ac        0x0 /opt/devkitPro/devkitARM/lib/gcc/arm-eabi/4.3.3/../../../../arm-eabi/lib/thumb/libg.a(lib_a-memmove.o)
 .bss           0x0200f5ac        0x0 /opt/devkitPro/devkitARM/lib/gcc/arm-eabi/4.3.3/../../../../arm-eabi/lib/thumb/libg.a(lib_a-sccl.o)
 .bss           0x0200f5ac        0x0 /opt/devkitPro/devkitARM/lib/gcc/arm-eabi/4.3.3/../../../../arm-eabi/lib/thumb/libg.a(lib_a-stdio.o)
 .bss           0x0200f5ac        0x0 /opt/devkitPro/devkitARM/lib/gcc/arm-eabi/4.3.3/../../../../arm-eabi/lib/thumb/libg.a(lib_a-strcmp.o)
 .bss           0x0200f5ac        0x0 /opt/devkitPro/devkitARM/lib/gcc/arm-eabi/4.3.3/../../../../arm-eabi/lib/thumb/libg.a(lib_a-strcpy.o)
 .bss           0x0200f5ac        0x0 /opt/devkitPro/devkitARM/lib/gcc/arm-eabi/4.3.3/../../../../arm-eabi/lib/thumb/libg.a(lib_a-strtol.o)
 .bss           0x0200f5ac        0x0 /opt/devkitPro/devkitARM/lib/gcc/arm-eabi/4.3.3/../../../../arm-eabi/lib/thumb/libg.a(lib_a-strtoul.o)
 .bss           0x0200f5ac        0x0 /opt/devkitPro/devkitARM/lib/gcc/arm-eabi/4.3.3/../../../../arm-eabi/lib/thumb/libg.a(lib_a-fclose.o)
 .bss           0x0200f5ac        0x0 /opt/devkitPro/devkitARM/lib/gcc/arm-eabi/4.3.3/../../../../arm-eabi/lib/thumb/libsysbase.a(iosupport.o)
 .bss           0x0200f5ac        0x0 /opt/devkitPro/devkitARM/lib/gcc/arm-eabi/4.3.3/../../../../arm-eabi/lib/thumb/libsysbase.a(close.o)
 .bss           0x0200f5ac        0x0 /opt/devkitPro/devkitARM/lib/gcc/arm-eabi/4.3.3/../../../../arm-eabi/lib/thumb/libsysbase.a(fstat.o)
 .bss           0x0200f5ac        0x0 /opt/devkitPro/devkitARM/lib/gcc/arm-eabi/4.3.3/../../../../arm-eabi/lib/thumb/libsysbase.a(isatty.o)
 .bss           0x0200f5ac        0x0 /opt/devkitPro/devkitARM/lib/gcc/arm-eabi/4.3.3/../../../../arm-eabi/lib/thumb/libsysbase.a(lseek.o)